sources/driver/buzzer/buzzer.c:55:6:BUZZER_Init	56	static
sources/driver/buzzer/buzzer.c:132:6:BUZZER_Disable	0	static
sources/driver/buzzer/buzzer.c:110:6:BUZZER_Enable	8	static
sources/driver/buzzer/buzzer.c:146:6:BUZZER_PlayTones.part.0	0	static
sources/driver/buzzer/buzzer.c:19:6:buzzer_irq	16	static
sources/driver/buzzer/buzzer.c:146:6:BUZZER_PlayTones	0	static
sources/driver/buzzer/buzzer.c:224:6:buzzer_playJump	0	static
sources/driver/buzzer/buzzer.c:228:6:buzzer_playGameOver	0	static
sources/driver/buzzer/buzzer.c:232:6:buzzer_playScoreUp	0	static
sources/driver/buzzer/buzzer.c:236:6:buzzer_playMenuMove	0	static
sources/driver/buzzer/buzzer.c:240:6:buzzer_playMenuSelect	0	static
sources/driver/buzzer/buzzer.c:244:6:buzzer_playToggleSound	0	static
sources/driver/buzzer/buzzer.c:248:6:buzzer_playStartGame	0	static
