sources/app/game/dino_game/dino_game.cpp:51:13:void render_clouds()	0	static
sources/app/game/dino_game/dino_game.cpp:48:13:void render_obstacles()	0	static
sources/app/game/dino_game/dino_game.cpp:42:13:void render_player()	0	static
sources/app/game/dino_game/dino_game.cpp:65:17:void dino_game_init()	32	static
sources/app/game/dino_game/dino_game.cpp:115:17:void dino_game_update()	24	static
sources/app/game/dino_game/dino_game.cpp:147:17:void dino_game_draw()	8	static
sources/app/game/dino_game/dino_game.cpp:163:17:void dino_game_handle_input(uint32_t)	0	static
