Archive member included to satisfy reference by file (symbol)

/home/nhu/Desktop/akbase/tool/gcc-arm-none-eabi-10.3-2021.10/arm-none-eabi/lib/thumb/v7-m/nofp/libc.a(lib_a-atof.o)
                              build_dino_game_main-application/WString.o (atof)
/home/nhu/Desktop/akbase/tool/gcc-arm-none-eabi-10.3-2021.10/arm-none-eabi/lib/thumb/v7-m/nofp/libc.a(lib_a-atol.o)
                              build_dino_game_main-application/WString.o (atol)
/home/nhu/Desktop/akbase/tool/gcc-arm-none-eabi-10.3-2021.10/arm-none-eabi/lib/thumb/v7-m/nofp/libc.a(lib_a-isspace.o)
                              build_dino_game_main-application/WString.o (isspace)
/home/nhu/Desktop/akbase/tool/gcc-arm-none-eabi-10.3-2021.10/arm-none-eabi/lib/thumb/v7-m/nofp/libc.a(lib_a-malloc.o)
                              build_dino_game_main-application/message.o (malloc)
/home/nhu/Desktop/akbase/tool/gcc-arm-none-eabi-10.3-2021.10/arm-none-eabi/lib/thumb/v7-m/nofp/libc.a(lib_a-mallocr.o)
                              /home/nhu/Desktop/akbase/tool/gcc-arm-none-eabi-10.3-2021.10/arm-none-eabi/lib/thumb/v7-m/nofp/libc.a(lib_a-malloc.o) (_malloc_r)
/home/nhu/Desktop/akbase/tool/gcc-arm-none-eabi-10.3-2021.10/arm-none-eabi/lib/thumb/v7-m/nofp/libc.a(lib_a-memcmp.o)
                              build_dino_game_main-application/mbmfuncfiles.o (memcmp)
/home/nhu/Desktop/akbase/tool/gcc-arm-none-eabi-10.3-2021.10/arm-none-eabi/lib/thumb/v7-m/nofp/libc.a(lib_a-memcpy.o)
                              build_dino_game_main-application/message.o (memcpy)
/home/nhu/Desktop/akbase/tool/gcc-arm-none-eabi-10.3-2021.10/arm-none-eabi/lib/thumb/v7-m/nofp/libc.a(lib_a-memmove.o)
                              build_dino_game_main-application/WString.o (memmove)
/home/nhu/Desktop/akbase/tool/gcc-arm-none-eabi-10.3-2021.10/arm-none-eabi/lib/thumb/v7-m/nofp/libc.a(lib_a-memset.o)
                              build_dino_game_main-application/task.o (memset)
/home/nhu/Desktop/akbase/tool/gcc-arm-none-eabi-10.3-2021.10/arm-none-eabi/lib/thumb/v7-m/nofp/libc.a(lib_a-mlock.o)
                              /home/nhu/Desktop/akbase/tool/gcc-arm-none-eabi-10.3-2021.10/arm-none-eabi/lib/thumb/v7-m/nofp/libc.a(lib_a-mallocr.o) (__malloc_lock)
/home/nhu/Desktop/akbase/tool/gcc-arm-none-eabi-10.3-2021.10/arm-none-eabi/lib/thumb/v7-m/nofp/libc.a(lib_a-rand.o)
                              build_dino_game_main-application/scr_idle.o (srand)
/home/nhu/Desktop/akbase/tool/gcc-arm-none-eabi-10.3-2021.10/arm-none-eabi/lib/thumb/v7-m/nofp/libc.a(lib_a-realloc.o)
                              build_dino_game_main-application/WString.o (realloc)
/home/nhu/Desktop/akbase/tool/gcc-arm-none-eabi-10.3-2021.10/arm-none-eabi/lib/thumb/v7-m/nofp/libc.a(lib_a-reallocr.o)
                              /home/nhu/Desktop/akbase/tool/gcc-arm-none-eabi-10.3-2021.10/arm-none-eabi/lib/thumb/v7-m/nofp/libc.a(lib_a-realloc.o) (_realloc_r)
/home/nhu/Desktop/akbase/tool/gcc-arm-none-eabi-10.3-2021.10/arm-none-eabi/lib/thumb/v7-m/nofp/libc.a(lib_a-sbrkr.o)
                              /home/nhu/Desktop/akbase/tool/gcc-arm-none-eabi-10.3-2021.10/arm-none-eabi/lib/thumb/v7-m/nofp/libc.a(lib_a-mallocr.o) (_sbrk_r)
/home/nhu/Desktop/akbase/tool/gcc-arm-none-eabi-10.3-2021.10/arm-none-eabi/lib/thumb/v7-m/nofp/libc.a(lib_a-snprintf.o)
                              build_dino_game_main-application/scr_history.o (snprintf)
/home/nhu/Desktop/akbase/tool/gcc-arm-none-eabi-10.3-2021.10/arm-none-eabi/lib/thumb/v7-m/nofp/libc.a(lib_a-strcat.o)
                              build_dino_game_main-application/dtostrf.o (strcat)
/home/nhu/Desktop/akbase/tool/gcc-arm-none-eabi-10.3-2021.10/arm-none-eabi/lib/thumb/v7-m/nofp/libc.a(lib_a-strchr.o)
                              build_dino_game_main-application/WString.o (strchr)
/home/nhu/Desktop/akbase/tool/gcc-arm-none-eabi-10.3-2021.10/arm-none-eabi/lib/thumb/v7-m/nofp/libc.a(lib_a-strcmp.o)
                              build_dino_game_main-application/cmd_line.o (strcmp)
/home/nhu/Desktop/akbase/tool/gcc-arm-none-eabi-10.3-2021.10/arm-none-eabi/lib/thumb/v7-m/nofp/libc.a(lib_a-strcpy.o)
                              build_dino_game_main-application/sys_dbg.o (strcpy)
/home/nhu/Desktop/akbase/tool/gcc-arm-none-eabi-10.3-2021.10/arm-none-eabi/lib/thumb/v7-m/nofp/libc.a(lib_a-strlen-stub.o)
                              build_dino_game_main-application/xprintf.o (strlen)
/home/nhu/Desktop/akbase/tool/gcc-arm-none-eabi-10.3-2021.10/arm-none-eabi/lib/thumb/v7-m/nofp/libc.a(lib_a-strncmp.o)
                              build_dino_game_main-application/WString.o (strncmp)
/home/nhu/Desktop/akbase/tool/gcc-arm-none-eabi-10.3-2021.10/arm-none-eabi/lib/thumb/v7-m/nofp/libc.a(lib_a-strncpy.o)
                              build_dino_game_main-application/WString.o (strncpy)
/home/nhu/Desktop/akbase/tool/gcc-arm-none-eabi-10.3-2021.10/arm-none-eabi/lib/thumb/v7-m/nofp/libc.a(lib_a-strrchr.o)
                              build_dino_game_main-application/WString.o (strrchr)
[...]
Memory Configuration

Name             Origin             Length             Attributes
BSF              0x0000000008002000 0x0000000000001000 xr
FLASH            0x0000000008003000 0x000000000001d000 xr
SRAM             0x0000000020000000 0x0000000000004000 xrw
*default*        0x0000000000000000 0xffffffffffffffff

Linker script and memory map

                0x0000000000000800                HEAP_SIZE = 0x800

.start_boot_share_data_flash
                0x0000000008002000        0x0
                0x0000000008002000                _start_boot_share_data_flash = .

.start_flash    0x0000000008003000        0x0
                0x0000000008003000                _start_flash = .

.isr_vector     0x0000000008003000       0xf4
                0x0000000008003000                _isr_vector = .
 *(.isr_vector)
 .isr_vector    0x0000000008003000       0xf4 build_dino_game_main-application/system.o
                0x0000000008003000                isr_vector
                0x00000000080030f4                . = ALIGN (0x4)

.text           0x00000000080030f8    0x11b9c
                0x00000000080030f8                . = ALIGN (0x4)
 *(.text)
 .text          0x00000000080030f8       0xec /home/nhu/Desktop/akbase/tool/gcc-arm-none-eabi-10.3-2021.10/arm-none-eabi/lib/thumb/v7-m/nofp/libc.a(lib_a-memcpy.o)
                0x00000000080030f8                memcpy
 .text          0x00000000080031e4      0x1bc /home/nhu/Desktop/akbase/tool/gcc-arm-none-eabi-10.3-2021.10/arm-none-eabi/lib/thumb/v7-m/nofp/libc.a(lib_a-strcmp.o)
                0x00000000080031e4                strcmp
 .text          0x00000000080033a0      0x168 /home/nhu/Desktop/akbase/tool/gcc-arm-none-eabi-10.3-2021.10/lib/gcc/arm-none-eabi/10.3.1/thumb/v7-m/nofp/libgcc.a(_arm_mulsf3.o)
                0x00000000080033a0                __mulsf3
                0x00000000080033a0                __aeabi_fmul
 .text          0x0000000008003508      0x378 /home/nhu/Desktop/akbase/tool/gcc-arm-none-eabi-10.3-2021.10/lib/gcc/arm-none-eabi/10.3.1/thumb/v7-m/nofp/libgcc.a(_arm_addsubdf3.o)
                0x0000000008003508                __aeabi_drsub
                0x0000000008003510                __aeabi_dsub
                0x0000000008003510                __subdf3
                0x0000000008003514                __adddf3
                0x0000000008003514                __aeabi_dadd
                0x000000000800378c                __aeabi_ui2d
                0x000000000800378c                __floatunsidf
                0x00000000080037ac                __floatsidf
                0x00000000080037ac                __aeabi_i2d
                0x00000000080037d0                __extendsfdf2
                0x00000000080037d0                __aeabi_f2d
                0x0000000008003814                __aeabi_ul2d
                0x0000000008003814                __floatundidf
                0x0000000008003824                __floatdidf
                0x0000000008003824                __aeabi_l2d
 .text          0x0000000008003880      0x424 /home/nhu/Desktop/akbase/tool/gcc-arm-none-eabi-10.3-2021.10/lib/gcc/arm-none-eabi/10.3.1/thumb/v7-m/nofp/libgcc.a(_arm_muldivdf3.o)
                0x0000000008003880                __aeabi_dmul
                0x0000000008003880                __muldf3
                0x0000000008003ad4                __aeabi_ddiv
                0x0000000008003ad4                __divdf3
 .text          0x0000000008003ca4      0x110 /home/nhu/Desktop/akbase/tool/gcc-arm-none-eabi-10.3-2021.10/lib/gcc/arm-none-eabi/10.3.1/thumb/v7-m/nofp/libgcc.a(_arm_cmpdf2.o)
                0x0000000008003ca4                __gtdf2
                0x0000000008003ca4                __gedf2
                0x0000000008003cac                __ltdf2
                0x0000000008003cac                __ledf2
                0x0000000008003cb4                __cmpdf2
                0x0000000008003cb4                __eqdf2
                0x0000000008003cb4                __nedf2
                0x0000000008003d30                __aeabi_cdrcmple
                0x0000000008003d40                __aeabi_cdcmple
                0x0000000008003d40                __aeabi_cdcmpeq
                0x0000000008003d50                __aeabi_dcmpeq
                0x0000000008003d64                __aeabi_dcmplt
                0x0000000008003d78                __aeabi_dcmple
                0x0000000008003d8c                __aeabi_dcmpge
                0x0000000008003da0                __aeabi_dcmpgt
 .text          0x0000000008003db4       0x2c /home/nhu/Desktop/akbase/tool/gcc-arm-none-eabi-10.3-2021.10/lib/gcc/arm-none-eabi/10.3.1/thumb/v7-m/nofp/libgcc.a(_arm_unorddf2.o)
                0x0000000008003db4                __aeabi_dcmpun
                0x0000000008003db4                __unorddf2
 .text          0x0000000008003de0       0x50 /home/nhu/Desktop/akbase/tool/gcc-arm-none-eabi-10.3-2021.10/lib/gcc/arm-none-eabi/10.3.1/thumb/v7-m/nofp/libgcc.a(_arm_fixdfsi.o)
                0x0000000008003de0                __fixdfsi
                0x0000000008003de0                __aeabi_d2iz
 .text          0x0000000008003e30       0x40 /home/nhu/Desktop/akbase/tool/gcc-arm-none-eabi-10.3-2021.10/lib/gcc/arm-none-eabi/10.3.1/thumb/v7-m/nofp/libgcc.a(_arm_fixunsdfsi.o)
                0x0000000008003e30                __fixunsdfsi
                0x0000000008003e30                __aeabi_d2uiz
 .text          0x0000000008003e70      0x21c /home/nhu/Desktop/akbase/tool/gcc-arm-none-eabi-10.3-2021.10/lib/gcc/arm-none-eabi/10.3.1/thumb/v7-m/nofp/libgcc.a(_arm_addsubsf3.o)
                0x0000000008003e70                __aeabi_frsub
                0x0000000008003e78                __subsf3
                0x0000000008003e78                __aeabi_fsub
                0x0000000008003e7c                __aeabi_fadd
                0x0000000008003e7c                __addsf3
                0x0000000008003fdc                __aeabi_ui2f
                0x0000000008003fdc                __floatunsisf
                0x0000000008003fe4                __aeabi_i2f
                0x0000000008003fe4                __floatsisf
                0x0000000008004000                __floatundisf
                0x0000000008004000                __aeabi_ul2f
                0x0000000008004010                __floatdisf
                0x0000000008004010                __aeabi_l2f
 .text          0x000000000800408c       0xec /home/nhu/Desktop/akbase/tool/gcc-arm-none-eabi-10.3-2021.10/lib/gcc/arm-none-eabi/10.3.1/thumb/v7-m/nofp/libgcc.a(_arm_cmpsf2.o)
                0x000000000800408c                __gtsf2
                0x000000000800408c                __gesf2
                0x0000000008004094                __lesf2
                0x0000000008004094                __ltsf2
                0x000000000800409c                __nesf2
                0x000000000800409c                __eqsf2
                0x000000000800409c                __cmpsf2
                0x00000000080040fc                __aeabi_cfrcmple
                0x0000000008004104                __aeabi_cfcmple
                0x0000000008004104                __aeabi_cfcmpeq
                0x0000000008004114                __aeabi_fcmpeq
                0x0000000008004128                __aeabi_fcmplt
                0x000000000800413c                __aeabi_fcmple
                0x0000000008004150                __aeabi_fcmpge
                0x0000000008004164                __aeabi_fcmpgt
 .text          0x0000000008004178       0x4c /home/nhu/Desktop/akbase/tool/gcc-arm-none-eabi-10.3-2021.10/lib/gcc/arm-none-eabi/10.3.1/thumb/v7-m/nofp/libgcc.a(_arm_fixsfsi.o)
                0x0000000008004178                __fixsfsi
                0x0000000008004178                __aeabi_f2iz
 .text          0x00000000080041c4       0x30 /home/nhu/Desktop/akbase/tool/gcc-arm-none-eabi-10.3-2021.10/lib/gcc/arm-none-eabi/10.3.1/thumb/v7-m/nofp/libgcc.a(_aeabi_uldivmod.o)
                0x00000000080041c4                __aeabi_uldivmod
 .text          0x00000000080041f4      0x2d4 /home/nhu/Desktop/akbase/tool/gcc-arm-none-eabi-10.3-2021.10/lib/gcc/arm-none-eabi/10.3.1/thumb/v7-m/nofp/libgcc.a(_udivmoddi4.o)
                0x00000000080041f4                __udivmoddi4
 .text          0x00000000080044c8        0x4 /home/nhu/Desktop/akbase/tool/gcc-arm-none-eabi-10.3-2021.10/lib/gcc/arm-none-eabi/10.3.1/thumb/v7-m/nofp/libgcc.a(_dvmd_tls.o)
                0x00000000080044c8                __aeabi_ldiv0
                0x00000000080044c8                __aeabi_idiv0
 *(.text*)
 .text.task_create
                0x00000000080044cc       0x3c build_dino_game_main-application/task.o
                0x00000000080044cc                task_create
 .text.task_polling_create
                0x0000000008004508       0x34 build_dino_game_main-application/task.o
                0x0000000008004508                task_polling_create
 .text.task_post
                0x000000000800453c       0x84 build_dino_game_main-application/task.o
                0x000000000800453c                task_post
 .text.task_remove_msg
                0x00000000080045c0       0xb4 build_dino_game_main-application/task.o
                0x00000000080045c0                task_remove_msg
 .text.task_post_pure_msg
                0x0000000008004674       0x18 build_dino_game_main-application/task.o
                0x0000000008004674                task_post_pure_msg
 .text.task_post_common_msg
                0x000000000800468c       0x2a build_dino_game_main-application/task.o
                0x000000000800468c                task_post_common_msg
 *fill*         0x00000000080046b6        0x2 
 .text.task_entry_interrupt
                0x00000000080046b8       0x1c build_dino_game_main-application/task.o
                0x00000000080046b8                task_entry_interrupt
 .text.task_exit_interrupt
                0x00000000080046d4       0x24 build_dino_game_main-application/task.o
                0x00000000080046d4                task_exit_interrupt
 .text.task_init
                0x00000000080046f8       0x40 build_dino_game_main-application/task.o
                0x00000000080046f8                task_init
 .text.task_polling_run
                0x0000000008004738       0x34 build_dino_game_main-application/task.o
                0x0000000008004738                task_polling_run
 .text.task_run
                0x000000000800476c      0x138 build_dino_game_main-application/task.o
                0x000000000800476c                task_run
 .text.get_current_task_id
                0x00000000080048a4        0xc build_dino_game_main-application/task.o
                0x00000000080048a4                get_current_task_id
 .text.get_current_task_info
                0x00000000080048b0        0x8 build_dino_game_main-application/task.o
                0x00000000080048b0                get_current_task_info
 .text.get_current_active_object
                0x00000000080048b8        0x8 build_dino_game_main-application/task.o
                0x00000000080048b8                get_current_active_object
 .text.timer_remove_msg
                0x00000000080048c0       0x64 build_dino_game_main-application/timer.o
 .text.task_timer_tick
                0x0000000008004924       0x7c build_dino_game_main-application/timer.o
                0x0000000008004924                task_timer_tick
 .text.timer_init
                0x00000000080049a0       0x6c build_dino_game_main-application/timer.o
                0x00000000080049a0                timer_init
 .text.timer_tick
                0x0000000008004a0c       0x38 build_dino_game_main-application/timer.o
                0x0000000008004a0c                timer_tick
 .text.timer_set
                0x0000000008004a44       0x98 build_dino_game_main-application/timer.o
                0x0000000008004a44                timer_set
 .text.timer_remove_attr
                0x0000000008004adc       0x18 build_dino_game_main-application/timer.o
                0x0000000008004adc                timer_remove_attr
 .text.free_common_msg
                0x0000000008004af4       0x28 build_dino_game_main-application/message.o
 .text.free_pure_msg
                0x0000000008004b1c       0x28 build_dino_game_main-application/message.o
 .text.free_dynamic_msg
                0x0000000008004b44       0x30 build_dino_game_main-application/message.o
 .text.msg_init
                0x0000000008004b74      0x100 build_dino_game_main-application/message.o
                0x0000000008004b74                msg_init
 .text.msg_force_free
                0x0000000008004c74       0x44 build_dino_game_main-application/message.o
                0x0000000008004c74                msg_force_free
 .text.msg_inc_ref_count
                0x0000000008004cb8       0x2c build_dino_game_main-application/message.o
                0x0000000008004cb8                msg_inc_ref_count
 .text.msg_dec_ref_count
                0x0000000008004ce4       0x28 build_dino_game_main-application/message.o
                0x0000000008004ce4                msg_dec_ref_count
 .text.msg_free
                0x0000000008004d0c       0x58 build_dino_game_main-application/message.o
                0x0000000008004d0c                msg_free
 .text.ak_malloc
                0x0000000008004d64       0x50 build_dino_game_main-application/message.o
                0x0000000008004d64                ak_malloc
 .text.get_pure_msg
                0x0000000008004db4       0x5c build_dino_game_main-application/message.o
                0x0000000008004db4                get_pure_msg
 .text.get_common_msg
                0x0000000008004e10       0x60 build_dino_game_main-application/message.o
                0x0000000008004e10                get_common_msg
 .text.set_data_common_msg
                0x0000000008004e70       0x4c build_dino_game_main-application/message.o
                0x0000000008004e70                set_data_common_msg
 .text.get_data_common_msg
                0x0000000008004ebc       0x28 build_dino_game_main-application/message.o
                0x0000000008004ebc                get_data_common_msg
 .text.get_data_len_common_msg
                0x0000000008004ee4       0x28 build_dino_game_main-application/message.o
                0x0000000008004ee4                get_data_len_common_msg
 .text.get_dynamic_msg
                0x0000000008004f0c       0x64 build_dino_game_main-application/message.o
                0x0000000008004f0c                get_dynamic_msg
 .text.set_data_dynamic_msg
                0x0000000008004f70       0x3c build_dino_game_main-application/message.o
                0x0000000008004f70                set_data_dynamic_msg
 .text.get_data_dynamic_msg
                0x0000000008004fac       0x28 build_dino_game_main-application/message.o
                0x0000000008004fac                get_data_dynamic_msg
 .text.get_data_len_dynamic_msg
                0x0000000008004fd4        0x4 build_dino_game_main-application/message.o
                0x0000000008004fd4                get_data_len_dynamic_msg
 .text.log_queue_init
                0x0000000008004fd8       0x2e build_dino_game_main-application/log_queue.o
                0x0000000008004fd8                log_queue_init
 .text.log_queue_len
                0x0000000008005006        0x4 build_dino_game_main-application/log_queue.o
                0x0000000008005006                log_queue_len
 .text.log_queue_put
                0x000000000800500a       0x5c build_dino_game_main-application/log_queue.o
                0x000000000800500a                log_queue_put
 .text.log_queue_get
                0x0000000008005066       0x30 build_dino_game_main-application/log_queue.o
                0x0000000008005066                log_queue_get
 .text.fifo_init
                0x0000000008005096       0x12 build_dino_game_main-application/fifo.o
                0x0000000008005096                fifo_init
 .text.fifo_availble
                0x00000000080050a8        0x4 build_dino_game_main-application/fifo.o
                0x00000000080050a8                fifo_availble
 .text.fifo_is_full
                0x00000000080050ac        0xc build_dino_game_main-application/fifo.o
                0x00000000080050ac                fifo_is_full
 .text.fifo_put
                0x00000000080050b8       0x54 build_dino_game_main-application/fifo.o
                0x00000000080050b8                fifo_put
 .text.fifo_get
                0x000000000800510c       0x50 build_dino_game_main-application/fifo.o
                0x000000000800510c                fifo_get
 .text.ring_buffer_char_init
                0x000000000800515c        0xc build_dino_game_main-application/ring_buffer.o
                0x000000000800515c                ring_buffer_char_init
 .text.ring_buffer_char_is_empty
                0x0000000008005168        0xa build_dino_game_main-application/ring_buffer.o
                0x0000000008005168                ring_buffer_char_is_empty
 .text.ring_buffer_char_put
                0x0000000008005172       0x36 build_dino_game_main-application/ring_buffer.o
                0x0000000008005172                ring_buffer_char_put
 .text.ring_buffer_char_get
                0x00000000080051a8       0x26 build_dino_game_main-application/ring_buffer.o
                0x00000000080051a8                ring_buffer_char_get
 .text.mem_read
                0x00000000080051ce       0x18 build_dino_game_main-application/utils.o
                0x00000000080051ce                mem_read
 .text.mem_write
                0x00000000080051e6       0x1a build_dino_game_main-application/utils.o
                0x00000000080051e6                mem_write
 .text.ilog10   0x0000000008005200       0xd8 build_dino_game_main-application/xprintf.o
 .text.i10x     0x00000000080052d8       0x78 build_dino_game_main-application/xprintf.o
 .text.xfputc   0x0000000008005350       0x30 build_dino_game_main-application/xprintf.o
                0x0000000008005350                xfputc
 .text.xvfprintf
                0x0000000008005380      0x580 build_dino_game_main-application/xprintf.o
 .text.xprintf  0x0000000008005900       0x24 build_dino_game_main-application/xprintf.o
                0x0000000008005900                xprintf
 .text.cmd_line_parser
                0x0000000008005924       0x7c build_dino_game_main-application/cmd_line.o
                0x0000000008005924                cmd_line_parser
 .text.button_init
                0x00000000080059a0       0x34 build_dino_game_main-application/button.o
                0x00000000080059a0                button_init
 .text.button_enable
                0x00000000080059d4        0x6 build_dino_game_main-application/button.o
                0x00000000080059d4                button_enable
 .text.button_timer_polling
                0x00000000080059da       0x76 build_dino_game_main-application/button.o
                0x00000000080059da                button_timer_polling
 .text.flash_wait_to_idle
                0x0000000008005a50       0x32 build_dino_game_main-application/flash.o
 .text.flash_set_write_enable.constprop.0
                0x0000000008005a82       0x14 build_dino_game_main-application/flash.o
 .text.flash_is_connected
                0x0000000008005a96       0x22 build_dino_game_main-application/flash.o
                0x0000000008005a96                flash_is_connected
 .text.flash_read
                0x0000000008005ab8       0x5e build_dino_game_main-application/flash.o
                0x0000000008005ab8                flash_read
 .text.flash_write
                0x0000000008005b16       0x6c build_dino_game_main-application/flash.o
                0x0000000008005b16                flash_write
 .text.flash_erase_sector
                0x0000000008005b82       0x48 build_dino_game_main-application/flash.o
                0x0000000008005b82                flash_erase_sector
 .text.flash_erase_block_64k
                0x0000000008005bca       0x46 build_dino_game_main-application/flash.o
                0x0000000008005bca                flash_erase_block_64k
 .text.led_init
                0x0000000008005c10       0x20 build_dino_game_main-application/led.o
                0x0000000008005c10                led_init
 .text.led_on   0x0000000008005c30        0xc build_dino_game_main-application/led.o
                0x0000000008005c30                led_on
 .text.led_off  0x0000000008005c3c        0xc build_dino_game_main-application/led.o
                0x0000000008005c3c                led_off
 .text.led_toggle
                0x0000000008005c48       0x12 build_dino_game_main-application/led.o
                0x0000000008005c48                led_toggle
 *fill*         0x0000000008005c5a        0x2 
 .text.BUZZER_Init
                0x0000000008005c5c       0xe4 build_dino_game_main-application/buzzer.o
                0x0000000008005c5c                BUZZER_Init
 .text.BUZZER_Disable
                0x0000000008005d40       0x38 build_dino_game_main-application/buzzer.o
                0x0000000008005d40                BUZZER_Disable
 .text.BUZZER_Enable
                0x0000000008005d78       0x84 build_dino_game_main-application/buzzer.o
                0x0000000008005d78                BUZZER_Enable
 .text.BUZZER_PlayTones.part.0
                0x0000000008005dfc       0x1c build_dino_game_main-application/buzzer.o
 .text.buzzer_irq
                0x0000000008005e18       0x98 build_dino_game_main-application/buzzer.o
                0x0000000008005e18                buzzer_irq
 .text.BUZZER_PlayTones
                0x0000000008005eb0        0x8 build_dino_game_main-application/buzzer.o
                0x0000000008005eb0                BUZZER_PlayTones
 .text.buzzer_playJump
                0x0000000008005eb8        0xc build_dino_game_main-application/buzzer.o
                0x0000000008005eb8                buzzer_playJump
 .text.buzzer_playGameOver
                0x0000000008005ec4        0xc build_dino_game_main-application/buzzer.o
                0x0000000008005ec4                buzzer_playGameOver
 .text.buzzer_playMenuMove
                0x0000000008005ed0        0xc build_dino_game_main-application/buzzer.o
                0x0000000008005ed0                buzzer_playMenuMove
 .text.buzzer_playMenuSelect
                0x0000000008005edc        0xc build_dino_game_main-application/buzzer.o
                0x0000000008005edc                buzzer_playMenuSelect
 .text.buzzer_playToggleSound
                0x0000000008005ee8        0xc build_dino_game_main-application/buzzer.o
                0x0000000008005ee8                buzzer_playToggleSound
 .text.sys_dbg_cpu_dump
                0x0000000008005ef4       0x4c build_dino_game_main-application/sys_dbg.o
                0x0000000008005ef4                sys_dbg_cpu_dump
 .text.sys_dbg_stack_space_dump
                0x0000000008005f40       0x30 build_dino_game_main-application/sys_dbg.o
                0x0000000008005f40                sys_dbg_stack_space_dump
 .text.sys_dbg_fatal
                0x0000000008005f70      0x3cc build_dino_game_main-application/sys_dbg.o
                0x0000000008005f70                sys_dbg_fatal
 .text.sys_boot_init
                0x000000000800633c       0x14 build_dino_game_main-application/sys_boot.o
                0x000000000800633c                sys_boot_init
 .text.sys_boot_get
                0x0000000008006350        0xc build_dino_game_main-application/sys_boot.o
                0x0000000008006350                sys_boot_get
 .text.sys_boot_set
                0x000000000800635c       0x34 build_dino_game_main-application/sys_boot.o
                0x000000000800635c                sys_boot_set
 .text.vMBPAssert
                0x0000000008006390       0x1c build_dino_game_main-application/mbportother.o
                0x0000000008006390                vMBPAssert
 .text.vMBPUSART2ISR
                0x00000000080063ac       0xec build_dino_game_main-application/mbportserial.o
                0x00000000080063ac                vMBPUSART2ISR
 .text.vMBPTimerISR
                0x0000000008006498       0x58 build_dino_game_main-application/mbporttimer.o
                0x0000000008006498                vMBPTimerISR
 .text.GPIO_Init
                0x00000000080064f0       0x78 build_dino_game_main-application/stm32l1xx_gpio.o
                0x00000000080064f0                GPIO_Init
 .text.GPIO_ReadInputDataBit
                0x0000000008006568        0xc build_dino_game_main-application/stm32l1xx_gpio.o
                0x0000000008006568                GPIO_ReadInputDataBit
 .text.GPIO_SetBits
                0x0000000008006574        0x4 build_dino_game_main-application/stm32l1xx_gpio.o
                0x0000000008006574                GPIO_SetBits
 .text.GPIO_ResetBits
                0x0000000008006578        0x4 build_dino_game_main-application/stm32l1xx_gpio.o
                0x0000000008006578                GPIO_ResetBits
 .text.GPIO_PinAFConfig
                0x000000000800657c       0x24 build_dino_game_main-application/stm32l1xx_gpio.o
                0x000000000800657c                GPIO_PinAFConfig
 .text.RCC_HSICmd
                0x00000000080065a0        0xc build_dino_game_main-application/stm32l1xx_rcc.o
                0x00000000080065a0                RCC_HSICmd
 .text.RCC_GetClocksFreq
                0x00000000080065ac       0x9c build_dino_game_main-application/stm32l1xx_rcc.o
                0x00000000080065ac                RCC_GetClocksFreq
 .text.RCC_AHBPeriphClockCmd
                0x0000000008006648       0x18 build_dino_game_main-application/stm32l1xx_rcc.o
                0x0000000008006648                RCC_AHBPeriphClockCmd
 .text.RCC_APB2PeriphClockCmd
                0x0000000008006660       0x18 build_dino_game_main-application/stm32l1xx_rcc.o
                0x0000000008006660                RCC_APB2PeriphClockCmd
 .text.RCC_APB1PeriphClockCmd
                0x0000000008006678       0x18 build_dino_game_main-application/stm32l1xx_rcc.o
                0x0000000008006678                RCC_APB1PeriphClockCmd
 .text.RCC_APB2PeriphResetCmd
                0x0000000008006690       0x18 build_dino_game_main-application/stm32l1xx_rcc.o
                0x0000000008006690                RCC_APB2PeriphResetCmd
 .text.RCC_APB1PeriphResetCmd
                0x00000000080066a8       0x18 build_dino_game_main-application/stm32l1xx_rcc.o
                0x00000000080066a8                RCC_APB1PeriphResetCmd
 .text.RCC_GetFlagStatus
                0x00000000080066c0       0x20 build_dino_game_main-application/stm32l1xx_rcc.o
                0x00000000080066c0                RCC_GetFlagStatus
 .text.USART_Init
                0x00000000080066e0       0xa4 build_dino_game_main-application/stm32l1xx_usart.o
                0x00000000080066e0                USART_Init
 .text.USART_Cmd
                0x0000000008006784       0x18 build_dino_game_main-application/stm32l1xx_usart.o
                0x0000000008006784                USART_Cmd
 .text.USART_SendData
                0x000000000800679c        0x8 build_dino_game_main-application/stm32l1xx_usart.o
                0x000000000800679c                USART_SendData
 .text.USART_ReceiveData
                0x00000000080067a4        0x8 build_dino_game_main-application/stm32l1xx_usart.o
                0x00000000080067a4                USART_ReceiveData
 .text.USART_ITConfig
                0x00000000080067ac       0x30 build_dino_game_main-application/stm32l1xx_usart.o
                0x00000000080067ac                USART_ITConfig
 .text.USART_GetFlagStatus
                0x00000000080067dc        0xc build_dino_game_main-application/stm32l1xx_usart.o
                0x00000000080067dc                USART_GetFlagStatus
 .text.USART_GetITStatus
                0x00000000080067e8       0x3e build_dino_game_main-application/stm32l1xx_usart.o
                0x00000000080067e8                USART_GetITStatus
 .text.USART_ClearITPendingBit
                0x0000000008006826        0xe build_dino_game_main-application/stm32l1xx_usart.o
                0x0000000008006826                USART_ClearITPendingBit
 .text.SPI_I2S_DeInit
                0x0000000008006834       0x64 build_dino_game_main-application/stm32l1xx_spi.o
                0x0000000008006834                SPI_I2S_DeInit
 .text.SPI_Init
                0x0000000008006898       0x3e build_dino_game_main-application/stm32l1xx_spi.o
                0x0000000008006898                SPI_Init
 .text.SPI_Cmd  0x00000000080068d6       0x18 build_dino_game_main-application/stm32l1xx_spi.o
                0x00000000080068d6                SPI_Cmd
 .text.SPI_I2S_ReceiveData
                0x00000000080068ee        0x6 build_dino_game_main-application/stm32l1xx_spi.o
                0x00000000080068ee                SPI_I2S_ReceiveData
 .text.SPI_I2S_SendData
                0x00000000080068f4        0x4 build_dino_game_main-application/stm32l1xx_spi.o
                0x00000000080068f4                SPI_I2S_SendData
 .text.SPI_I2S_GetFlagStatus
                0x00000000080068f8        0xc build_dino_game_main-application/stm32l1xx_spi.o
                0x00000000080068f8                SPI_I2S_GetFlagStatus
 .text.NVIC_PriorityGroupConfig
                0x0000000008006904       0x14 build_dino_game_main-application/misc.o
                0x0000000008006904                NVIC_PriorityGroupConfig
 .text.NVIC_Init
                0x0000000008006918       0x58 build_dino_game_main-application/misc.o
                0x0000000008006918                NVIC_Init
 .text.EXTI_GetFlagStatus
                0x0000000008006970       0x14 build_dino_game_main-application/stm32l1xx_exti.o
                0x0000000008006970                EXTI_GetFlagStatus
 .text.EXTI_GetITStatus
                0x0000000008006984        0x4 build_dino_game_main-application/stm32l1xx_exti.o
                0x0000000008006984                EXTI_GetITStatus
 .text.EXTI_ClearITPendingBit
                0x0000000008006988        0xc build_dino_game_main-application/stm32l1xx_exti.o
                0x0000000008006988                EXTI_ClearITPendingBit
 .text.TIM_DeInit
                0x0000000008006994       0xe4 build_dino_game_main-application/stm32l1xx_tim.o
                0x0000000008006994                TIM_DeInit
 .text.TIM_TimeBaseInit
                0x0000000008006a78       0x58 build_dino_game_main-application/stm32l1xx_tim.o
                0x0000000008006a78                TIM_TimeBaseInit
 .text.TIM_ARRPreloadConfig
                0x0000000008006ad0       0x18 build_dino_game_main-application/stm32l1xx_tim.o
                0x0000000008006ad0                TIM_ARRPreloadConfig
 .text.TIM_Cmd  0x0000000008006ae8       0x18 build_dino_game_main-application/stm32l1xx_tim.o
                0x0000000008006ae8                TIM_Cmd
 .text.TIM_OC3Init
                0x0000000008006b00       0x3c build_dino_game_main-application/stm32l1xx_tim.o
                0x0000000008006b00                TIM_OC3Init
 .text.TIM_OC3PreloadConfig
                0x0000000008006b3c       0x10 build_dino_game_main-application/stm32l1xx_tim.o
                0x0000000008006b3c                TIM_OC3PreloadConfig
 .text.TIM_ITConfig
                0x0000000008006b4c       0x12 build_dino_game_main-application/stm32l1xx_tim.o
                0x0000000008006b4c                TIM_ITConfig
 .text.TIM_GetITStatus
                0x0000000008006b5e       0x16 build_dino_game_main-application/stm32l1xx_tim.o
                0x0000000008006b5e                TIM_GetITStatus
 .text.TIM_ClearITPendingBit
                0x0000000008006b74        0x8 build_dino_game_main-application/stm32l1xx_tim.o
                0x0000000008006b74                TIM_ClearITPendingBit
 .text.ADC_Init
                0x0000000008006b7c       0x4c build_dino_game_main-application/stm32l1xx_adc.o
                0x0000000008006b7c                ADC_Init
 .text.ADC_Cmd  0x0000000008006bc8       0x12 build_dino_game_main-application/stm32l1xx_adc.o
                0x0000000008006bc8                ADC_Cmd
 *fill*         0x0000000008006bda        0x2 
 .text.ADC_TempSensorVrefintCmd
                0x0000000008006bdc       0x18 build_dino_game_main-application/stm32l1xx_adc.o
                0x0000000008006bdc                ADC_TempSensorVrefintCmd
 .text.ADC_RegularChannelConfig
                0x0000000008006bf4      0x104 build_dino_game_main-application/stm32l1xx_adc.o
                0x0000000008006bf4                ADC_RegularChannelConfig
 .text.ADC_SoftwareStartConv
                0x0000000008006cf8        0xa build_dino_game_main-application/stm32l1xx_adc.o
                0x0000000008006cf8                ADC_SoftwareStartConv
 .text.ADC_GetConversionValue
                0x0000000008006d02        0x6 build_dino_game_main-application/stm32l1xx_adc.o
                0x0000000008006d02                ADC_GetConversionValue
 .text.ADC_GetFlagStatus
                0x0000000008006d08        0xc build_dino_game_main-application/stm32l1xx_adc.o
                0x0000000008006d08                ADC_GetFlagStatus
 .text.PWR_UltraLowPowerCmd
                0x0000000008006d14        0xc build_dino_game_main-application/stm32l1xx_pwr.o
                0x0000000008006d14                PWR_UltraLowPowerCmd
 .text.PWR_EnterSTOPMode
                0x0000000008006d20       0x34 build_dino_game_main-application/stm32l1xx_pwr.o
                0x0000000008006d20                PWR_EnterSTOPMode
 .text.FLASH_Lock
                0x0000000008006d54       0x10 build_dino_game_main-application/stm32l1xx_flash.o
                0x0000000008006d54                FLASH_Lock
 .text.DATA_EEPROM_Unlock
                0x0000000008006d64       0x20 build_dino_game_main-application/stm32l1xx_flash.o
                0x0000000008006d64                DATA_EEPROM_Unlock
 .text.FLASH_Unlock
                0x0000000008006d84       0x2c build_dino_game_main-application/stm32l1xx_flash.o
                0x0000000008006d84                FLASH_Unlock
 .text.DATA_EEPROM_Lock
                0x0000000008006db0       0x10 build_dino_game_main-application/stm32l1xx_flash.o
                0x0000000008006db0                DATA_EEPROM_Lock
 .text.FLASH_OB_Unlock
                0x0000000008006dc0       0x2c build_dino_game_main-application/stm32l1xx_flash.o
                0x0000000008006dc0                FLASH_OB_Unlock
 .text.FLASH_OB_Launch
                0x0000000008006dec       0x10 build_dino_game_main-application/stm32l1xx_flash.o
                0x0000000008006dec                FLASH_OB_Launch
 .text.FLASH_OB_GetBOR
                0x0000000008006dfc       0x10 build_dino_game_main-application/stm32l1xx_flash.o
                0x0000000008006dfc                FLASH_OB_GetBOR
 .text.FLASH_ClearFlag
                0x0000000008006e0c        0xc build_dino_game_main-application/stm32l1xx_flash.o
                0x0000000008006e0c                FLASH_ClearFlag
 .text.FLASH_GetStatus
                0x0000000008006e18       0x28 build_dino_game_main-application/stm32l1xx_flash.o
                0x0000000008006e18                FLASH_GetStatus
 .text.FLASH_WaitForLastOperation
                0x0000000008006e40       0x3c build_dino_game_main-application/stm32l1xx_flash.o
                0x0000000008006e40                FLASH_WaitForLastOperation
 .text.FLASH_ErasePage
                0x0000000008006e7c       0x44 build_dino_game_main-application/stm32l1xx_flash.o
                0x0000000008006e7c                FLASH_ErasePage
 .text.FLASH_FastProgramWord
                0x0000000008006ec0       0x22 build_dino_game_main-application/stm32l1xx_flash.o
                0x0000000008006ec0                FLASH_FastProgramWord
 .text.DATA_EEPROM_EraseWord
                0x0000000008006ee2       0x16 build_dino_game_main-application/stm32l1xx_flash.o
                0x0000000008006ee2                DATA_EEPROM_EraseWord
 .text.DATA_EEPROM_FastProgramWord
                0x0000000008006ef8       0x30 build_dino_game_main-application/stm32l1xx_flash.o
                0x0000000008006ef8                DATA_EEPROM_FastProgramWord
 .text.DATA_EEPROM_ProgramByte
                0x0000000008006f28       0x4c build_dino_game_main-application/stm32l1xx_flash.o
                0x0000000008006f28                DATA_EEPROM_ProgramByte
 .text.FLASH_OB_BORConfig
                0x0000000008006f74       0x3c build_dino_game_main-application/stm32l1xx_flash.o
                0x0000000008006f74                FLASH_OB_BORConfig
 .text.IWDG_WriteAccessCmd
                0x0000000008006fb0        0xc build_dino_game_main-application/stm32l1xx_iwdg.o
                0x0000000008006fb0                IWDG_WriteAccessCmd
 .text.IWDG_SetPrescaler
                0x0000000008006fbc        0xc build_dino_game_main-application/stm32l1xx_iwdg.o
                0x0000000008006fbc                IWDG_SetPrescaler
 .text.IWDG_SetReload
                0x0000000008006fc8        0xc build_dino_game_main-application/stm32l1xx_iwdg.o
                0x0000000008006fc8                IWDG_SetReload
 .text.IWDG_ReloadCounter
                0x0000000008006fd4       0x10 build_dino_game_main-application/stm32l1xx_iwdg.o
                0x0000000008006fd4                IWDG_ReloadCounter
 .text.IWDG_Enable
                0x0000000008006fe4       0x10 build_dino_game_main-application/stm32l1xx_iwdg.o
                0x0000000008006fe4                IWDG_Enable
 .text.I2C_SendData
                0x0000000008006ff4        0x4 build_dino_game_main-application/stm32l1xx_i2c.o
                0x0000000008006ff4                I2C_SendData
 .text.I2C_CheckEvent
                0x0000000008006ff8       0x18 build_dino_game_main-application/stm32l1xx_i2c.o
                0x0000000008006ff8                I2C_CheckEvent
 .text.disable_interrupts
                0x0000000008007010       0x10 build_dino_game_main-application/platform.o
                0x0000000008007010                disable_interrupts
 .text.entry_critical
                0x0000000008007020       0x14 build_dino_game_main-application/platform.o
                0x0000000008007020                entry_critical
 .text.exit_critical
                0x0000000008007034       0x30 build_dino_game_main-application/platform.o
                0x0000000008007034                exit_critical
 .text.default_handler
                0x0000000008007064       0x1c build_dino_game_main-application/system.o
                0x0000000008007064                svc_handler
                0x0000000008007064                default_handler
                0x0000000008007064                dg_monitor_handler
                0x0000000008007064                pendsv_handler
 .text.nmi_handler
                0x0000000008007080       0x1c build_dino_game_main-application/system.o
                0x0000000008007080                nmi_handler
 .text.hard_fault_handler
                0x000000000800709c       0x1c build_dino_game_main-application/system.o
                0x000000000800709c                hard_fault_handler
 .text.mem_manage_handler
                0x00000000080070b8       0x1c build_dino_game_main-application/system.o
                0x00000000080070b8                mem_manage_handler
 .text.bus_fault_handler
                0x00000000080070d4       0x1c build_dino_game_main-application/system.o
                0x00000000080070d4                bus_fault_handler
 .text.usage_fault_handler
                0x00000000080070f0       0x1c build_dino_game_main-application/system.o
                0x00000000080070f0                usage_fault_handler
 .text.systick_handler
                0x000000000800710c       0x40 build_dino_game_main-application/system.o
                0x000000000800710c                systick_handler
 .text.uart1_irq
                0x000000000800714c       0x64 build_dino_game_main-application/system.o
                0x000000000800714c                uart1_irq
 .text.exti_line1_irq
                0x00000000080071b0       0x1c build_dino_game_main-application/system.o
                0x00000000080071b0                exti_line1_irq
 .text.timer7_irq
                0x00000000080071cc       0x24 build_dino_game_main-application/system.o
                0x00000000080071cc                timer7_irq
 .text.sys_ctrl_delay
                0x00000000080071f0        0xc build_dino_game_main-application/system.o
                0x00000000080071f0                sys_ctrl_delay
 .text.sys_ctrl_millis
                0x00000000080071fc       0x1c build_dino_game_main-application/system.o
                0x00000000080071fc                sys_ctrl_millis
 .text._init    0x0000000008007218        0x2 build_dino_game_main-application/system.o
                0x0000000008007218                _init
 .text._fini    0x000000000800721a        0x2 build_dino_game_main-application/system.o
                0x000000000800721a                _fini
 .text.sys_stack_count_init
                0x000000000800721c       0x3c build_dino_game_main-application/system.o
                0x000000000800721c                sys_stack_count_init
 .text.reset_handler
                0x0000000008007258       0xc8 build_dino_game_main-application/system.o
                0x0000000008007258                reset_handler
 .text.sys_stack_usage
                0x0000000008007320       0x20 build_dino_game_main-application/system.o
                0x0000000008007320                sys_stack_usage
 .text.sys_stack_get_size
                0x0000000008007340        0xc build_dino_game_main-application/system.o
                0x0000000008007340                sys_stack_get_size
 .text.sys_ctrl_shell_put_char_block
                0x000000000800734c       0x2c build_dino_game_main-application/sys_cfg.o
                0x000000000800734c                sys_ctrl_shell_put_char_block
 .text.sys_cfg_clock
                0x0000000008007378       0x22 build_dino_game_main-application/sys_cfg.o
                0x0000000008007378                sys_cfg_clock
 *fill*         0x000000000800739a        0x2 
 .text.sys_cfg_tick
                0x000000000800739c       0x50 build_dino_game_main-application/sys_cfg.o
                0x000000000800739c                sys_cfg_tick
 .text.sys_cfg_svc
                0x00000000080073ec       0x30 build_dino_game_main-application/sys_cfg.o
                0x00000000080073ec                sys_cfg_svc
 .text.sys_cfg_pendsv
                0x000000000800741c       0x34 build_dino_game_main-application/sys_cfg.o
                0x000000000800741c                sys_cfg_pendsv
 .text.sys_cfg_update_info
                0x0000000008007450      0x108 build_dino_game_main-application/sys_cfg.o
                0x0000000008007450                sys_cfg_update_info
 .text.sys_ctrl_shell_sw_to_block
                0x0000000008007558       0x38 build_dino_game_main-application/sys_cfg.o
                0x0000000008007558                sys_ctrl_shell_sw_to_block
 .text.sys_cfg_console
                0x0000000008007590       0xd8 build_dino_game_main-application/sys_cfg.o
                0x0000000008007590                sys_cfg_console
 .text.sys_ctrl_shell_get_char
                0x0000000008007668       0x34 build_dino_game_main-application/sys_cfg.o
                0x0000000008007668                sys_ctrl_shell_get_char
 .text.sys_ctrl_reset
                0x000000000800769c       0x20 build_dino_game_main-application/sys_cfg.o
                0x000000000800769c                sys_ctrl_reset
 .text.sys_ctrl_delay_us
                0x00000000080076bc       0x58 build_dino_game_main-application/sys_cfg.o
                0x00000000080076bc                sys_ctrl_delay_us
 .text.sys_ctrl_delay_ms
                0x0000000008007714       0x1e build_dino_game_main-application/sys_cfg.o
                0x0000000008007714                sys_ctrl_delay_ms
 *fill*         0x0000000008007732        0x2 
 .text.sys_ctr_stop_mcu
                0x0000000008007734       0xa8 build_dino_game_main-application/sys_cfg.o
                0x0000000008007734                sys_ctr_stop_mcu
 .text.sys_ctrl_independent_watchdog_init
                0x00000000080077dc       0x24 build_dino_game_main-application/sys_cfg.o
                0x00000000080077dc                sys_ctrl_independent_watchdog_init
 .text.sys_ctrl_independent_watchdog_reset
                0x0000000008007800       0x12 build_dino_game_main-application/sys_cfg.o
                0x0000000008007800                sys_ctrl_independent_watchdog_reset
 *fill*         0x0000000008007812        0x2 
 .text.sys_ctrl_soft_watchdog_init
                0x0000000008007814       0x68 build_dino_game_main-application/sys_cfg.o
                0x0000000008007814                sys_ctrl_soft_watchdog_init
 .text.sys_ctrl_soft_watchdog_reset
                0x000000000800787c       0x18 build_dino_game_main-application/sys_cfg.o
                0x000000000800787c                sys_ctrl_soft_watchdog_reset
 .text.sys_ctrl_soft_watchdog_increase_counter
                0x0000000008007894       0x40 build_dino_game_main-application/sys_cfg.o
                0x0000000008007894                sys_ctrl_soft_watchdog_increase_counter
 .text.sys_ctrl_get_firmware_info
                0x00000000080078d4       0x40 build_dino_game_main-application/sys_cfg.o
                0x00000000080078d4                sys_ctrl_get_firmware_info
 .text.task_irq_io_entry_trigger
                0x0000000008007914        0x2 build_dino_game_main-application/sys_cfg.o
                0x0000000008007914                task_irq_io_entry_trigger
 .text.task_irq_io_exit_trigger
                0x0000000008007916        0x2 build_dino_game_main-application/sys_cfg.o
                0x0000000008007916                task_irq_io_exit_trigger
 .text.io_button_mode_init
                0x0000000008007918       0x28 build_dino_game_main-application/io_cfg.o
                0x0000000008007918                io_button_mode_init
 .text.io_button_up_init
                0x0000000008007940       0x28 build_dino_game_main-application/io_cfg.o
                0x0000000008007940                io_button_up_init
 .text.io_button_down_init
                0x0000000008007968       0x28 build_dino_game_main-application/io_cfg.o
                0x0000000008007968                io_button_down_init
 .text.io_button_mode_read
                0x0000000008007990        0xc build_dino_game_main-application/io_cfg.o
                0x0000000008007990                io_button_mode_read
 .text.io_button_up_read
                0x000000000800799c       0x10 build_dino_game_main-application/io_cfg.o
                0x000000000800799c                io_button_up_read
 .text.io_button_down_read
                0x00000000080079ac        0xc build_dino_game_main-application/io_cfg.o
                0x00000000080079ac                io_button_down_read
 .text.led_life_init
                0x00000000080079b8       0x28 build_dino_game_main-application/io_cfg.o
                0x00000000080079b8                led_life_init
 .text.led_life_on
                0x00000000080079e0       0x10 build_dino_game_main-application/io_cfg.o
                0x00000000080079e0                led_life_on
 .text.led_life_off
                0x00000000080079f0       0x10 build_dino_game_main-application/io_cfg.o
                0x00000000080079f0                led_life_off
 .text.flash_io_ctrl_init
                0x0000000008007a00       0x28 build_dino_game_main-application/io_cfg.o
                0x0000000008007a00                flash_io_ctrl_init
 .text.flash_cs_low
                0x0000000008007a28       0x10 build_dino_game_main-application/io_cfg.o
                0x0000000008007a28                flash_cs_low
 .text.flash_cs_high
                0x0000000008007a38       0x10 build_dino_game_main-application/io_cfg.o
                0x0000000008007a38                flash_cs_high
 .text.flash_transfer
                0x0000000008007a48       0x98 build_dino_game_main-application/io_cfg.o
                0x0000000008007a48                flash_transfer
 .text.io_cfg_adc1
                0x0000000008007ae0       0x48 build_dino_game_main-application/io_cfg.o
                0x0000000008007ae0                io_cfg_adc1
 .text.adc_bat_io_cfg
                0x0000000008007b28       0x2c build_dino_game_main-application/io_cfg.o
                0x0000000008007b28                adc_bat_io_cfg
 *fill*         0x0000000008007b54        0x4 
 .text.sys_ctr_get_vbat_voltage
                0x0000000008007b58       0x90 build_dino_game_main-application/io_cfg.o
                0x0000000008007b58                sys_ctr_get_vbat_voltage
 .text.sys_ctr_get_mcu_temperature
                0x0000000008007be8       0x6c build_dino_game_main-application/io_cfg.o
                0x0000000008007be8                sys_ctr_get_mcu_temperature
 .text.ssd1306_clk_input_mode
                0x0000000008007c54       0x28 build_dino_game_main-application/io_cfg.o
                0x0000000008007c54                ssd1306_clk_input_mode
 .text.ssd1306_clk_output_mode
                0x0000000008007c7c       0x28 build_dino_game_main-application/io_cfg.o
                0x0000000008007c7c                ssd1306_clk_output_mode
 .text.ssd1306_clk_digital_write_low
                0x0000000008007ca4       0x10 build_dino_game_main-application/io_cfg.o
                0x0000000008007ca4                ssd1306_clk_digital_write_low
 .text.ssd1306_clk_digital_write_high
                0x0000000008007cb4       0x10 build_dino_game_main-application/io_cfg.o
                0x0000000008007cb4                ssd1306_clk_digital_write_high
 .text.ssd1306_data_input_mode
                0x0000000008007cc4       0x28 build_dino_game_main-application/io_cfg.o
                0x0000000008007cc4                ssd1306_data_input_mode
 .text.ssd1306_data_output_mode
                0x0000000008007cec       0x28 build_dino_game_main-application/io_cfg.o
                0x0000000008007cec                ssd1306_data_output_mode
 .text.ssd1306_data_digital_write_low
                0x0000000008007d14       0x10 build_dino_game_main-application/io_cfg.o
                0x0000000008007d14                ssd1306_data_digital_write_low
 .text.ssd1306_data_digital_write_high
                0x0000000008007d24       0x10 build_dino_game_main-application/io_cfg.o
                0x0000000008007d24                ssd1306_data_digital_write_high
 .text.ssd1306_res_input_mode
                0x0000000008007d34       0x28 build_dino_game_main-application/io_cfg.o
                0x0000000008007d34                ssd1306_res_input_mode
 .text.ssd1306_res_output_mode
                0x0000000008007d5c       0x28 build_dino_game_main-application/io_cfg.o
                0x0000000008007d5c                ssd1306_res_output_mode
 .text.ssd1306_res_digital_write_low
                0x0000000008007d84       0x10 build_dino_game_main-application/io_cfg.o
                0x0000000008007d84                ssd1306_res_digital_write_low
 .text.ssd1306_res_digital_write_high
                0x0000000008007d94       0x10 build_dino_game_main-application/io_cfg.o
                0x0000000008007d94                ssd1306_res_digital_write_high
 .text.io_eeprom_read
                0x0000000008007da4       0x34 build_dino_game_main-application/io_cfg.o
                0x0000000008007da4                io_eeprom_read
 .text.io_eeprom_erase
                0x0000000008007dd8       0x4c build_dino_game_main-application/io_cfg.o
                0x0000000008007dd8                io_eeprom_erase
 .text.internal_flash_unlock
                0x0000000008007e24       0x12 build_dino_game_main-application/io_cfg.o
                0x0000000008007e24                internal_flash_unlock
 .text.internal_flash_lock
                0x0000000008007e36        0x4 build_dino_game_main-application/io_cfg.o
                0x0000000008007e36                internal_flash_lock
 .text.internal_flash_erase_pages_cal
                0x0000000008007e3a       0x24 build_dino_game_main-application/io_cfg.o
                0x0000000008007e3a                internal_flash_erase_pages_cal
 .text.internal_flash_write_cal
                0x0000000008007e5e       0x48 build_dino_game_main-application/io_cfg.o
                0x0000000008007e5e                internal_flash_write_cal
 *fill*         0x0000000008007ea6        0x2 
 .text.io_uart2_cfg
                0x0000000008007ea8       0xbc build_dino_game_main-application/io_cfg.o
                0x0000000008007ea8                io_uart2_cfg
 .text.io_rs485_dir_low
                0x0000000008007f64        0xc build_dino_game_main-application/io_cfg.o
                0x0000000008007f64                io_rs485_dir_low
 .text.SystemInit
                0x0000000008007f70      0x114 build_dino_game_main-application/system_stm32l1xx.o
                0x0000000008007f70                SystemInit
 .text.SystemCoreClockUpdate
                0x0000000008008084       0x88 build_dino_game_main-application/system_stm32l1xx.o
                0x0000000008008084                SystemCoreClockUpdate
 .text._ZL13view_scr_idlev
                0x000000000800810c       0x4c build_dino_game_main-application/scr_idle.o
 .text._ZN4ballC2Ev
                0x0000000008008158       0x94 build_dino_game_main-application/scr_idle.o
                0x0000000008008158                ball::ball()
                0x0000000008008158                ball::ball()
 .text.task_scr_idle_handle
                0x00000000080081ec      0x1a8 build_dino_game_main-application/scr_idle.o
                0x00000000080081ec                task_scr_idle_handle
 .text.startup._GLOBAL__sub_I__ZN4ball5totalE
                0x0000000008008394       0x1c build_dino_game_main-application/scr_idle.o
 .text._ZL21view_scr_dino_startupv
                0x00000000080083b0       0x94 build_dino_game_main-application/scr_startup.o
 .text.dino_init_setting
                0x0000000008008444       0x10 build_dino_game_main-application/scr_startup.o
                0x0000000008008444                dino_init_setting
 .text.task_scr_dino_startup_handle
                0x0000000008008454       0x90 build_dino_game_main-application/scr_startup.o
                0x0000000008008454                task_scr_dino_startup_handle
 .text._ZL13view_scr_menuv
                0x00000000080084e4       0xdc build_dino_game_main-application/scr_menu.o
 .text.task_scr_menu_handle
                0x00000000080085c0       0x80 build_dino_game_main-application/scr_menu.o
                0x00000000080085c0                task_scr_menu_handle
 .text._ZL16view_scr_game_onv
                0x0000000008008640        0x4 build_dino_game_main-application/scr_game_on.o
 .text.task_scr_game_on_handle
                0x0000000008008644       0xa0 build_dino_game_main-application/scr_game_on.o
                0x0000000008008644                task_scr_game_on_handle
 .text.task_scr_game_over_handle
                0x00000000080086e4       0x80 build_dino_game_main-application/scr_game_over.o
                0x00000000080086e4                task_scr_game_over_handle
 .text._ZL18view_scr_game_overv
                0x0000000008008764       0xbc build_dino_game_main-application/scr_game_over.o
 .text._ZL16view_scr_settingv
                0x0000000008008820      0x100 build_dino_game_main-application/scr_setting.o
 .text.task_scr_setting_handle
                0x0000000008008920       0x9c build_dino_game_main-application/scr_setting.o
                0x0000000008008920                task_scr_setting_handle
 .text.dino_cloud_init
                0x00000000080089bc       0x50 build_dino_game_main-application/dino_cloud.o
                0x00000000080089bc                dino_cloud_init
 .text.dino_cloud_update
                0x0000000008008a0c       0x74 build_dino_game_main-application/dino_cloud.o
                0x0000000008008a0c                dino_cloud_update
 .text.dino_cloud_draw
                0x0000000008008a80       0x44 build_dino_game_main-application/dino_cloud.o
                0x0000000008008a80                dino_cloud_draw
 .text._ZL13render_cloudsv
                0x0000000008008ac4        0x4 build_dino_game_main-application/dino_game.o
 .text._ZL16render_obstaclesv
                0x0000000008008ac8        0x4 build_dino_game_main-application/dino_game.o
 .text._ZL13render_playerv
                0x0000000008008acc        0x4 build_dino_game_main-application/dino_game.o
 .text.dino_game_init
                0x0000000008008ad0       0xd0 build_dino_game_main-application/dino_game.o
                0x0000000008008ad0                dino_game_init
 .text.dino_game_update
                0x0000000008008ba0       0xa0 build_dino_game_main-application/dino_game.o
                0x0000000008008ba0                dino_game_update
 .text.dino_game_draw
                0x0000000008008c40       0x34 build_dino_game_main-application/dino_game.o
                0x0000000008008c40                dino_game_draw
 .text._ZL16respawn_obstacleP15dino_obstacle_t
                0x0000000008008c74       0x80 build_dino_game_main-application/dino_obstacle.o
 .text.dino_obstacle_init
                0x0000000008008cf4       0x10 build_dino_game_main-application/dino_obstacle.o
                0x0000000008008cf4                dino_obstacle_init
 .text.dino_obstacle_update
                0x0000000008008d04       0x34 build_dino_game_main-application/dino_obstacle.o
                0x0000000008008d04                dino_obstacle_update
 .text.dino_obstacle_draw
                0x0000000008008d38       0x44 build_dino_game_main-application/dino_obstacle.o
                0x0000000008008d38                dino_obstacle_draw
 .text.dino_obstacle_check_collision
                0x0000000008008d7c       0x40 build_dino_game_main-application/dino_obstacle.o
                0x0000000008008d7c                dino_obstacle_check_collision
 .text.dino_player_init
                0x0000000008008dbc       0x24 build_dino_game_main-application/dino_player.o
                0x0000000008008dbc                dino_player_init
 .text.dino_jump
                0x0000000008008de0       0x1c build_dino_game_main-application/dino_player.o
                0x0000000008008de0                dino_jump
 .text.dino_player_die
                0x0000000008008dfc        0xc build_dino_game_main-application/dino_player.o
                0x0000000008008dfc                dino_player_die
 .text.dino_player_update
                0x0000000008008e08       0x5c build_dino_game_main-application/dino_player.o
                0x0000000008008e08                dino_player_update
 .text.dino_player_draw
                0x0000000008008e64       0x58 build_dino_game_main-application/dino_player.o
                0x0000000008008e64                dino_player_draw
 .text._Z14rect_intersectPK6rect_tS1_
                0x0000000008008ebc       0x44 build_dino_game_main-application/rect.o
                0x0000000008008ebc                rect_intersect(rect_t const*, rect_t const*)
 .text.task_system
                0x0000000008008f00       0x44 build_dino_game_main-application/task_system.o
                0x0000000008008f00                task_system
 .text.main_app
                0x0000000008008f44      0x188 build_dino_game_main-application/app.o
                0x0000000008008f44                main_app
 .text.sys_irq_timer_10ms
                0x00000000080090cc       0x24 build_dino_game_main-application/app.o
                0x00000000080090cc                sys_irq_timer_10ms
 .text._ZL19str_parser_get_attrh
                0x00000000080090f0       0x1c build_dino_game_main-application/shell.o
 .text._Z9shell_sttPh
                0x000000000800910c        0x4 build_dino_game_main-application/shell.o
                0x000000000800910c                shell_stt(unsigned char*)
 .text._Z9shell_psvPh
                0x0000000008009110       0x14 build_dino_game_main-application/shell.o
                0x0000000008009110                shell_psv(unsigned char*)
 .text._Z11shell_resetPh
                0x0000000008009124       0x10 build_dino_game_main-application/shell.o
                0x0000000008009124                shell_reset(unsigned char*)
 .text._Z10shell_helpPh
                0x0000000008009134       0x30 build_dino_game_main-application/shell.o
                0x0000000008009134                shell_help(unsigned char*)
 .text._Z9shell_verPh
                0x0000000008009164      0x118 build_dino_game_main-application/shell.o
                0x0000000008009164                shell_ver(unsigned char*)
 .text._Z12shell_rebootPh
                0x000000000800927c       0x10 build_dino_game_main-application/shell.o
                0x000000000800927c                shell_reboot(unsigned char*)
 .text._ZL10str_parserPc
                0x000000000800928c       0x60 build_dino_game_main-application/shell.o
 .text._Z11shell_fatalPh
                0x00000000080092ec      0x2f4 build_dino_game_main-application/shell.o
                0x00000000080092ec                shell_fatal(unsigned char*)
 .text._Z11shell_flashPh
                0x00000000080095e0      0x150 build_dino_game_main-application/shell.o
                0x00000000080095e0                shell_flash(unsigned char*)
 .text._Z9shell_epsPh
                0x0000000008009730       0xd0 build_dino_game_main-application/shell.o
                0x0000000008009730                shell_eps(unsigned char*)
 .text._Z9shell_ramPh
                0x0000000008009800      0x20c build_dino_game_main-application/shell.o
                0x0000000008009800                shell_ram(unsigned char*)
 .text._Z10shell_bootPh
                0x0000000008009a0c       0xdc build_dino_game_main-application/shell.o
                0x0000000008009a0c                shell_boot(unsigned char*)
 .text._Z9shell_fwuPh
                0x0000000008009ae8       0x34 build_dino_game_main-application/shell.o
                0x0000000008009ae8                shell_fwu(unsigned char*)
 .text._Z12shell_buzzerPh
                0x0000000008009b1c       0x88 build_dino_game_main-application/shell.o
                0x0000000008009b1c                shell_buzzer(unsigned char*)
 .text._Z12shell_modbusPh
                0x0000000008009ba4       0x28 build_dino_game_main-application/shell.o
                0x0000000008009ba4                shell_modbus(unsigned char*)
 .text._Z9shell_dbgPh
                0x0000000008009bcc       0x38 build_dino_game_main-application/shell.o
                0x0000000008009bcc                shell_dbg(unsigned char*)
 .text._Z9shell_epiPh
                0x0000000008009c04        0x4 build_dino_game_main-application/shell.o
                0x0000000008009c04                shell_epi(unsigned char*)
 .text._Z9shell_lcdPh
                0x0000000008009c08      0x15c build_dino_game_main-application/shell.o
                0x0000000008009c08                shell_lcd(unsigned char*)
 .text.btn_mode_callback
                0x0000000008009d64       0x1e build_dino_game_main-application/app_bsp.o
                0x0000000008009d64                btn_mode_callback
 .text.btn_up_callback
                0x0000000008009d82       0x16 build_dino_game_main-application/app_bsp.o
                0x0000000008009d82                btn_up_callback
 .text.btn_down_callback
                0x0000000008009d98       0x16 build_dino_game_main-application/app_bsp.o
                0x0000000008009d98                btn_down_callback
 *fill*         0x0000000008009dae        0x2 
 .text.sys_irq_shell
                0x0000000008009db0       0x2c build_dino_game_main-application/task_shell.o
                0x0000000008009db0                sys_irq_shell
 .text.task_shell
                0x0000000008009ddc       0x7c build_dino_game_main-application/task_shell.o
                0x0000000008009ddc                task_shell
 .text.task_life
                0x0000000008009e58       0x20 build_dino_game_main-application/task_life.o
                0x0000000008009e58                task_life
 .text.task_fw  0x0000000008009e78      0x490 build_dino_game_main-application/task_fw.o
                0x0000000008009e78                task_fw
 .text.task_display
                0x000000000800a308        0x4 build_dino_game_main-application/task_display.o
                0x000000000800a308                task_display
 .text.task_if  0x000000000800a30c       0x98 build_dino_game_main-application/task_if.o
                0x000000000800a30c                task_if
 .text.task_uart_if
                0x000000000800a3a4       0xc0 build_dino_game_main-application/task_uart_if.o
                0x000000000800a3a4                task_uart_if
 .text.task_dbg
                0x000000000800a464        0x2 build_dino_game_main-application/task_dbg.o
                0x000000000800a464                task_dbg
 .text._Z19view_render_dynamicPv
                0x000000000800a466        0xc build_dino_game_main-application/view_render.o
                0x000000000800a466                view_render_dynamic(void*)
 *fill*         0x000000000800a472        0x2 
 .text._Z22view_render_display_onv
                0x000000000800a474        0xc build_dino_game_main-application/view_render.o
                0x000000000800a474                view_render_display_on()
 .text.startup._GLOBAL__sub_I_view_render
                0x000000000800a480        0xc build_dino_game_main-application/view_render.o
 .text.exit._GLOBAL__sub_D_view_render
                0x000000000800a48c        0xc build_dino_game_main-application/view_render.o
 .text._Z16view_render_initv
                0x000000000800a498       0x14 build_dino_game_main-application/view_render.o
                0x000000000800a498                view_render_init()
 .text._Z21view_render_rectanglePv
                0x000000000800a4ac       0xec build_dino_game_main-application/view_render.o
                0x000000000800a4ac                view_render_rectangle(void*)
 .text._Z18view_render_screenP13view_screen_t
                0x000000000800a598       0x74 build_dino_game_main-application/view_render.o
                0x000000000800a598                view_render_screen(view_screen_t*)
 .text._Z12scr_mng_ctorP9scr_mng_tPFvP8ak_msg_tEP13view_screen_t
                0x000000000800a60c       0x20 build_dino_game_main-application/screen_manager.o
                0x000000000800a60c                scr_mng_ctor(scr_mng_t*, void (*)(ak_msg_t*), view_screen_t*)
 .text._Z16scr_mng_dispatchP8ak_msg_t
                0x000000000800a62c       0x48 build_dino_game_main-application/screen_manager.o
                0x000000000800a62c                scr_mng_dispatch(ak_msg_t*)
 .text._Z12scr_mng_tranPFvP8ak_msg_tEP13view_screen_t
                0x000000000800a674       0x44 build_dino_game_main-application/screen_manager.o
                0x000000000800a674                scr_mng_tran(void (*)(ak_msg_t*), view_screen_t*)
 .text._ZN12Adafruit_GFX8drawLineEsssst
                0x000000000800a6b8       0xbe build_dino_game_main-application/Adafruit_GFX.o
                0x000000000800a6b8                Adafruit_GFX::drawLine(short, short, short, short, unsigned short)
 .text._ZN12Adafruit_GFX8drawRectEsssst
                0x000000000800a776       0x68 build_dino_game_main-application/Adafruit_GFX.o
                0x000000000800a776                Adafruit_GFX::drawRect(short, short, short, short, unsigned short)
 .text._ZN12Adafruit_GFX13drawFastVLineEssst
                0x000000000800a7de       0x1c build_dino_game_main-application/Adafruit_GFX.o
                0x000000000800a7de                Adafruit_GFX::drawFastVLine(short, short, short, unsigned short)
 .text._ZN12Adafruit_GFX13drawFastHLineEssst
                0x000000000800a7fa       0x1a build_dino_game_main-application/Adafruit_GFX.o
                0x000000000800a7fa                Adafruit_GFX::drawFastHLine(short, short, short, unsigned short)
 .text._ZN12Adafruit_GFX8fillRectEsssst
                0x000000000800a814       0x38 build_dino_game_main-application/Adafruit_GFX.o
                0x000000000800a814                Adafruit_GFX::fillRect(short, short, short, short, unsigned short)
 .text._ZN12Adafruit_GFX10fillScreenEt
                0x000000000800a84c       0x1c build_dino_game_main-application/Adafruit_GFX.o
                0x000000000800a84c                Adafruit_GFX::fillScreen(unsigned short)
 .text._ZN12Adafruit_GFXC2Ess
                0x000000000800a868       0x28 build_dino_game_main-application/Adafruit_GFX.o
                0x000000000800a868                Adafruit_GFX::Adafruit_GFX(short, short)
                0x000000000800a868                Adafruit_GFX::Adafruit_GFX(short, short)
 .text._ZN12Adafruit_GFX10drawCircleEssst
                0x000000000800a890      0x172 build_dino_game_main-application/Adafruit_GFX.o
                0x000000000800a890                Adafruit_GFX::drawCircle(short, short, short, unsigned short)
 .text._ZN12Adafruit_GFX16drawCircleHelperEsssht
                0x000000000800aa02      0x17a build_dino_game_main-application/Adafruit_GFX.o
                0x000000000800aa02                Adafruit_GFX::drawCircleHelper(short, short, short, unsigned char, unsigned short)
 .text._ZN12Adafruit_GFX16fillCircleHelperEssshst
                0x000000000800ab7c      0x124 build_dino_game_main-application/Adafruit_GFX.o
                0x000000000800ab7c                Adafruit_GFX::fillCircleHelper(short, short, short, unsigned char, short, unsigned short)
 .text._ZN12Adafruit_GFX13drawRoundRectEssssst
                0x000000000800aca0      0x10e build_dino_game_main-application/Adafruit_GFX.o
                0x000000000800aca0                Adafruit_GFX::drawRoundRect(short, short, short, short, short, unsigned short)
 .text._ZN12Adafruit_GFX13fillRoundRectEssssst
                0x000000000800adae       0x88 build_dino_game_main-application/Adafruit_GFX.o
                0x000000000800adae                Adafruit_GFX::fillRoundRect(short, short, short, short, short, unsigned short)
 .text._ZN12Adafruit_GFX10drawBitmapEssPKhsst
                0x000000000800ae36       0x92 build_dino_game_main-application/Adafruit_GFX.o
                0x000000000800ae36                Adafruit_GFX::drawBitmap(short, short, unsigned char const*, short, short, unsigned short)
 .text._ZN12Adafruit_GFX8drawCharEsshtth
                0x000000000800aec8      0x108 build_dino_game_main-application/Adafruit_GFX.o
                0x000000000800aec8                Adafruit_GFX::drawChar(short, short, unsigned char, unsigned short, unsigned short, unsigned char)
 .text._ZN12Adafruit_GFX5writeEh
                0x000000000800afd0       0x64 build_dino_game_main-application/Adafruit_GFX.o
                0x000000000800afd0                Adafruit_GFX::write(unsigned char)
 .text._ZN12Adafruit_GFX9setCursorEss
                0x000000000800b034        0x6 build_dino_game_main-application/Adafruit_GFX.o
                0x000000000800b034                Adafruit_GFX::setCursor(short, short)
 .text._ZN12Adafruit_GFX11setTextSizeEh
                0x000000000800b03a        0xa build_dino_game_main-application/Adafruit_GFX.o
                0x000000000800b03a                Adafruit_GFX::setTextSize(unsigned char)
 .text._ZN12Adafruit_GFX12setTextColorEt
                0x000000000800b044        0x6 build_dino_game_main-application/Adafruit_GFX.o
                0x000000000800b044                Adafruit_GFX::setTextColor(unsigned short)
 .text._ZN12Adafruit_GFX5widthEv
                0x000000000800b04a        0x6 build_dino_game_main-application/Adafruit_GFX.o
                0x000000000800b04a                Adafruit_GFX::width()
 .text._ZN12Adafruit_GFX6heightEv
                0x000000000800b050        0x6 build_dino_game_main-application/Adafruit_GFX.o
                0x000000000800b050                Adafruit_GFX::height()
 .text._ZN19Adafruit_ssd1306syp9updateRowEii
                0x000000000800b056       0x1e build_dino_game_main-application/Adafruit_ssd1306syp.o
                0x000000000800b056                Adafruit_ssd1306syp::updateRow(int, int)
 .text._ZN19Adafruit_ssd1306syp9drawPixelEsst
                0x000000000800b074       0x52 build_dino_game_main-application/Adafruit_ssd1306syp.o
                0x000000000800b074                Adafruit_ssd1306syp::drawPixel(short, short, unsigned short)
 *fill*         0x000000000800b0c6        0x2 
 .text._ZN19Adafruit_ssd1306sypC2Ev
                0x000000000800b0c8       0x24 build_dino_game_main-application/Adafruit_ssd1306syp.o
                0x000000000800b0c8                Adafruit_ssd1306syp::Adafruit_ssd1306syp()
                0x000000000800b0c8                Adafruit_ssd1306syp::Adafruit_ssd1306syp()
 .text._ZN19Adafruit_ssd1306sypD2Ev
                0x000000000800b0ec        0x2 build_dino_game_main-application/Adafruit_ssd1306syp.o
                0x000000000800b0ec                Adafruit_ssd1306syp::~Adafruit_ssd1306syp()
                0x000000000800b0ec                Adafruit_ssd1306syp::~Adafruit_ssd1306syp()
 .text._ZN19Adafruit_ssd1306syp5clearEb
                0x000000000800b0ee       0x22 build_dino_game_main-application/Adafruit_ssd1306syp.o
                0x000000000800b0ee                Adafruit_ssd1306syp::clear(bool)
 .text._ZN19Adafruit_ssd1306syp9writeByteEh
                0x000000000800b110       0x54 build_dino_game_main-application/Adafruit_ssd1306syp.o
                0x000000000800b110                Adafruit_ssd1306syp::writeByte(unsigned char)
 .text._ZN19Adafruit_ssd1306syp8startIICEv
                0x000000000800b164       0x2c build_dino_game_main-application/Adafruit_ssd1306syp.o
                0x000000000800b164                Adafruit_ssd1306syp::startIIC()
 .text._ZN19Adafruit_ssd1306syp7stopIICEv
                0x000000000800b190       0x2c build_dino_game_main-application/Adafruit_ssd1306syp.o
                0x000000000800b190                Adafruit_ssd1306syp::stopIIC()
 .text._ZN19Adafruit_ssd1306syp12writeCommandEh
                0x000000000800b1bc       0x2c build_dino_game_main-application/Adafruit_ssd1306syp.o
                0x000000000800b1bc                Adafruit_ssd1306syp::writeCommand(unsigned char)
 .text._ZN19Adafruit_ssd1306syp10initializeEv
                0x000000000800b1e8       0xf4 build_dino_game_main-application/Adafruit_ssd1306syp.o
                0x000000000800b1e8                Adafruit_ssd1306syp::initialize()
 .text._ZN19Adafruit_ssd1306syp10display_onEv
                0x000000000800b2dc        0x6 build_dino_game_main-application/Adafruit_ssd1306syp.o
                0x000000000800b2dc                Adafruit_ssd1306syp::display_on()
 .text._ZN19Adafruit_ssd1306syp11display_offEv
                0x000000000800b2e2        0x6 build_dino_game_main-application/Adafruit_ssd1306syp.o
                0x000000000800b2e2                Adafruit_ssd1306syp::display_off()
 .text._ZN19Adafruit_ssd1306syp17startDataSequenceEv
                0x000000000800b2e8       0x1c build_dino_game_main-application/Adafruit_ssd1306syp.o
                0x000000000800b2e8                Adafruit_ssd1306syp::startDataSequence()
 .text._ZN19Adafruit_ssd1306syp6updateEv
                0x000000000800b304       0x70 build_dino_game_main-application/Adafruit_ssd1306syp.o
                0x000000000800b304                Adafruit_ssd1306syp::update()
 .text._ZN19Adafruit_ssd1306syp9updateRowEi
                0x000000000800b374       0x6c build_dino_game_main-application/Adafruit_ssd1306syp.o
                0x000000000800b374                Adafruit_ssd1306syp::updateRow(int)
 .text.eeprom_read
                0x000000000800b3e0        0x4 build_dino_game_main-application/eeprom.o
                0x000000000800b3e0                eeprom_read
 .text.eeprom_erase
                0x000000000800b3e4        0x4 build_dino_game_main-application/eeprom.o
                0x000000000800b3e4                eeprom_erase
 .text._ZL19link_hal_write_byteh
                0x000000000800b3e8        0x2 build_dino_game_main-application/link_hal.o
 .text._ZL17link_hal_rev_byteh
                0x000000000800b3ea        0x4 build_dino_game_main-application/link_hal.o
 *fill*         0x000000000800b3ee        0x2 
 .text._Z23link_hal_reg_write_bytePFhhE
                0x000000000800b3f0       0x28 build_dino_game_main-application/link_hal.o
                0x000000000800b3f0                link_hal_reg_write_byte(unsigned char (*)(unsigned char))
 .text._Z21link_hal_reg_rev_bytePFhhE
                0x000000000800b418       0x28 build_dino_game_main-application/link_hal.o
                0x000000000800b418                link_hal_reg_rev_byte(unsigned char (*)(unsigned char))
 .text._ZL21fsm_link_state_handleP8ak_msg_t
                0x000000000800b440      0x2b0 build_dino_game_main-application/link.o
 .text._ZL19fsm_link_state_initP8ak_msg_t
                0x000000000800b6f0       0x80 build_dino_game_main-application/link.o
 .text._Z23link_init_state_machinev
                0x000000000800b770       0x2c build_dino_game_main-application/link.o
                0x000000000800b770                link_init_state_machine()
 .text._ZL23link_mac_frame_send_reqv
                0x000000000800b79c       0x3c build_dino_game_main-application/link_mac.o
 .text._ZL23link_mac_frame_send_endv
                0x000000000800b7d8       0x34 build_dino_game_main-application/link_mac.o
 .text._ZL28link_mac_frame_cals_checksumP16link_mac_frame_t.constprop.0
                0x000000000800b80c       0x38 build_dino_game_main-application/link_mac.o
 .text._Z25fsm_link_mac_state_handleP8ak_msg_t
                0x000000000800b844      0x2b8 build_dino_game_main-application/link_mac.o
                0x000000000800b844                fsm_link_mac_state_handle(ak_msg_t*)
 .text._Z23fsm_link_mac_state_initP8ak_msg_t
                0x000000000800bafc       0x88 build_dino_game_main-application/link_mac.o
                0x000000000800bafc                fsm_link_mac_state_init(ak_msg_t*)
 .text._ZL26link_phy_frame_write_blockPhm
                0x000000000800bb84       0x1c build_dino_game_main-application/link_phy.o
 .text._ZL20link_phy_frame_writeP16link_phy_frame_t
                0x000000000800bba0       0x1c build_dino_game_main-application/link_phy.o
 .text._ZL28link_phy_frame_cals_checksumP16link_phy_frame_t
                0x000000000800bbbc       0x38 build_dino_game_main-application/link_phy.o
 .text._ZL25link_phy_frame_write_byteh
                0x000000000800bbf4        0xc build_dino_game_main-application/link_phy.o
 .text._ZL26ac_link_phy_frame_rev_byteh
                0x000000000800bc00      0x100 build_dino_game_main-application/link_phy.o
 .text._ZL19link_phy_frame_sendv
                0x000000000800bd00       0x2c build_dino_game_main-application/link_phy.o
 .text._Z25fsm_link_phy_state_handleP8ak_msg_t
                0x000000000800bd2c      0x1f0 build_dino_game_main-application/link_phy.o
                0x000000000800bd2c                fsm_link_phy_state_handle(ak_msg_t*)
 .text._Z23fsm_link_phy_state_initP8ak_msg_t
                0x000000000800bf1c       0x90 build_dino_game_main-application/link_phy.o
                0x000000000800bf1c                fsm_link_phy_state_init(ak_msg_t*)
 .text._Z26link_phy_get_send_frame_tov
                0x000000000800bfac       0x10 build_dino_game_main-application/link_phy.o
                0x000000000800bfac                link_phy_get_send_frame_to()
 .text._Z13link_pdu_initv
                0x000000000800bfbc       0x54 build_dino_game_main-application/link_data.o
                0x000000000800bfbc                link_pdu_init()
 .text._Z15link_pdu_mallocv
                0x000000000800c010       0x24 build_dino_game_main-application/link_data.o
                0x000000000800c010                link_pdu_malloc()
 .text._Z12link_pdu_getm
                0x000000000800c034       0x3c build_dino_game_main-application/link_data.o
                0x000000000800c034                link_pdu_get(unsigned long)
 .text._Z13link_pdu_freem
                0x000000000800c070       0x4c build_dino_game_main-application/link_data.o
                0x000000000800c070                link_pdu_free(unsigned long)
 .text._Z17link_get_src_addrv
                0x000000000800c0bc       0x18 build_dino_game_main-application/link_data.o
                0x000000000800c0bc                link_get_src_addr()
 .text._Z17link_get_des_addrv
                0x000000000800c0d4       0x18 build_dino_game_main-application/link_data.o
                0x000000000800c0d4                link_get_des_addr()
 .text._Z7pinModehh
                0x000000000800c0ec       0x84 build_dino_game_main-application/wiring_digital.o
                0x000000000800c0ec                pinMode(unsigned char, unsigned char)
 .text._Z12digitalWritehh
                0x000000000800c170       0x78 build_dino_game_main-application/wiring_digital.o
                0x000000000800c170                digitalWrite(unsigned char, unsigned char)
 .text._ZN5Print5writeEPKhj
                0x000000000800c1e8       0x22 build_dino_game_main-application/Print.o
                0x000000000800c1e8                Print::write(unsigned char const*, unsigned int)
 .text._ZN5Print5writeEPKc
                0x000000000800c20a       0x20 build_dino_game_main-application/Print.o
                0x000000000800c20a                Print::write(char const*)
 .text._ZN5Print5printEPKc
                0x000000000800c22a        0x8 build_dino_game_main-application/Print.o
                0x000000000800c22a                Print::print(char const*)
 .text._ZN14HardwareSerial9availableEv
                0x000000000800c232        0xa build_dino_game_main-application/HardwareSerial.o
                0x000000000800c232                HardwareSerial::available()
 .text._ZN14HardwareSerial4peekEv
                0x000000000800c23c       0x14 build_dino_game_main-application/HardwareSerial.o
                0x000000000800c23c                HardwareSerial::peek()
 .text._ZN14HardwareSerial4readEv
                0x000000000800c250       0x20 build_dino_game_main-application/HardwareSerial.o
                0x000000000800c250                HardwareSerial::read()
 .text._ZN14HardwareSerial5flushEv
                0x000000000800c270        0x2 build_dino_game_main-application/HardwareSerial.o
                0x000000000800c270                HardwareSerial::flush()
 .text._ZN14HardwareSerial17availableForWriteEv
                0x000000000800c272       0x26 build_dino_game_main-application/HardwareSerial.o
                0x000000000800c272                HardwareSerial::availableForWrite()
 .text._ZN14HardwareSerial5writeEh
                0x000000000800c298       0x30 build_dino_game_main-application/HardwareSerial.o
                0x000000000800c298                HardwareSerial::write(unsigned char)
 .text._ZL20serial2_trigger_putcv
                0x000000000800c2c8       0x10 build_dino_game_main-application/HardwareSerial2.o
 .text.startup._GLOBAL__sub_I_Serial2
                0x000000000800c2d8       0x34 build_dino_game_main-application/HardwareSerial2.o
 .text._ZN8SPIClass9io_configEv
                0x000000000800c30c       0x68 build_dino_game_main-application/SPI.o
                0x000000000800c30c                SPIClass::io_config()
 .text._ZN8SPIClass5beginEv
                0x000000000800c374       0xd0 build_dino_game_main-application/SPI.o
                0x000000000800c374                SPIClass::begin()
 .text.startup._GLOBAL__sub_I__ZN8SPIClassC2Ev
                0x000000000800c444       0x14 build_dino_game_main-application/SPI.o
 .text._ZN7TwoWire9availableEv
                0x000000000800c458       0x14 build_dino_game_main-application/Wire.o
                0x000000000800c458                TwoWire::available()
 .text._ZN7TwoWire4readEv
                0x000000000800c46c       0x28 build_dino_game_main-application/Wire.o
                0x000000000800c46c                TwoWire::read()
 .text._ZN7TwoWire4peekEv
                0x000000000800c494       0x24 build_dino_game_main-application/Wire.o
                0x000000000800c494                TwoWire::peek()
 .text._ZN7TwoWire5flushEv
                0x000000000800c4b8        0x2 build_dino_game_main-application/Wire.o
                0x000000000800c4b8                TwoWire::flush()
 *fill*         0x000000000800c4ba        0x2 
 .text._ZN7TwoWire5writeEh
                0x000000000800c4bc       0x54 build_dino_game_main-application/Wire.o
                0x000000000800c4bc                TwoWire::write(unsigned char)
 .text._ZN7TwoWire5writeEPKhj
                0x000000000800c510       0x34 build_dino_game_main-application/Wire.o
                0x000000000800c510                TwoWire::write(unsigned char const*, unsigned int)
 .text.startup._GLOBAL__sub_I__ZN7TwoWire8rxBufferE
                0x000000000800c544       0x1c build_dino_game_main-application/Wire.o
 .text._Z12twi_transmitPKhh
                0x000000000800c560       0x44 build_dino_game_main-application/twi.o
                0x000000000800c560                twi_transmit(unsigned char const*, unsigned char)
 .text.__cxa_pure_virtual
                0x000000000800c5a4       0x1c build_dino_game_main-application/mini_cpp.o
                0x000000000800c5a4                __cxa_pure_virtual
 .text._sbrk    0x000000000800c5c0       0x1c build_dino_game_main-application/mini_cpp.o
                0x000000000800c5c0                _sbrk
 .text.malloc   0x000000000800c5dc       0x10 /home/nhu/Desktop/akbase/tool/gcc-arm-none-eabi-10.3-2021.10/arm-none-eabi/lib/thumb/v7-m/nofp/libc.a(lib_a-malloc.o)
                0x000000000800c5dc                malloc
 .text.free     0x000000000800c5ec       0x10 /home/nhu/Desktop/akbase/tool/gcc-arm-none-eabi-10.3-2021.10/arm-none-eabi/lib/thumb/v7-m/nofp/libc.a(lib_a-malloc.o)
                0x000000000800c5ec                free
 .text._malloc_r
                0x000000000800c5fc      0x558 /home/nhu/Desktop/akbase/tool/gcc-arm-none-eabi-10.3-2021.10/arm-none-eabi/lib/thumb/v7-m/nofp/libc.a(lib_a-mallocr.o)
                0x000000000800c5fc                _malloc_r
 .text.memcmp   0x000000000800cb54       0x68 /home/nhu/Desktop/akbase/tool/gcc-arm-none-eabi-10.3-2021.10/arm-none-eabi/lib/thumb/v7-m/nofp/libc.a(lib_a-memcmp.o)
                0x000000000800cb54                memcmp
 .text.memmove  0x000000000800cbbc       0xf8 /home/nhu/Desktop/akbase/tool/gcc-arm-none-eabi-10.3-2021.10/arm-none-eabi/lib/thumb/v7-m/nofp/libc.a(lib_a-memmove.o)
                0x000000000800cbbc                memmove
 .text.memset   0x000000000800ccb4       0xa4 /home/nhu/Desktop/akbase/tool/gcc-arm-none-eabi-10.3-2021.10/arm-none-eabi/lib/thumb/v7-m/nofp/libc.a(lib_a-memset.o)
                0x000000000800ccb4                memset
 .text.__malloc_lock
                0x000000000800cd58        0xc /home/nhu/Desktop/akbase/tool/gcc-arm-none-eabi-10.3-2021.10/arm-none-eabi/lib/thumb/v7-m/nofp/libc.a(lib_a-mlock.o)
                0x000000000800cd58                __malloc_lock
 .text.__malloc_unlock
                0x000000000800cd64        0xc /home/nhu/Desktop/akbase/tool/gcc-arm-none-eabi-10.3-2021.10/arm-none-eabi/lib/thumb/v7-m/nofp/libc.a(lib_a-mlock.o)
                0x000000000800cd64                __malloc_unlock
 .text.srand    0x000000000800cd70       0x10 /home/nhu/Desktop/akbase/tool/gcc-arm-none-eabi-10.3-2021.10/arm-none-eabi/lib/thumb/v7-m/nofp/libc.a(lib_a-rand.o)
                0x000000000800cd70                srand
 .text.rand     0x000000000800cd80       0x38 /home/nhu/Desktop/akbase/tool/gcc-arm-none-eabi-10.3-2021.10/arm-none-eabi/lib/thumb/v7-m/nofp/libc.a(lib_a-rand.o)
                0x000000000800cd80                rand
 .text._realloc_r
                0x000000000800cdb8      0x3dc /home/nhu/Desktop/akbase/tool/gcc-arm-none-eabi-10.3-2021.10/arm-none-eabi/lib/thumb/v7-m/nofp/libc.a(lib_a-reallocr.o)
                0x000000000800cdb8                _realloc_r
 .text._sbrk_r  0x000000000800d194       0x24 /home/nhu/Desktop/akbase/tool/gcc-arm-none-eabi-10.3-2021.10/arm-none-eabi/lib/thumb/v7-m/nofp/libc.a(lib_a-sbrkr.o)
                0x000000000800d194                _sbrk_r
 .text.snprintf
                0x000000000800d1b8       0x84 /home/nhu/Desktop/akbase/tool/gcc-arm-none-eabi-10.3-2021.10/arm-none-eabi/lib/thumb/v7-m/nofp/libc.a(lib_a-snprintf.o)
                0x000000000800d1b8                snprintf
 .text.strcpy   0x000000000800d23c       0xbc /home/nhu/Desktop/akbase/tool/gcc-arm-none-eabi-10.3-2021.10/arm-none-eabi/lib/thumb/v7-m/nofp/libc.a(lib_a-strcpy.o)
                0x000000000800d23c                strcpy
 .text.strlen   0x000000000800d2f8       0x5c /home/nhu/Desktop/akbase/tool/gcc-arm-none-eabi-10.3-2021.10/arm-none-eabi/lib/thumb/v7-m/nofp/libc.a(lib_a-strlen-stub.o)
                0x000000000800d2f8                strlen
 .text.strncpy  0x000000000800d354       0x68 /home/nhu/Desktop/akbase/tool/gcc-arm-none-eabi-10.3-2021.10/arm-none-eabi/lib/thumb/v7-m/nofp/libc.a(lib_a-strncpy.o)
                0x000000000800d354                strncpy
 .text._strtol_l.part.0
                0x000000000800d3bc      0x120 /home/nhu/Desktop/akbase/tool/gcc-arm-none-eabi-10.3-2021.10/arm-none-eabi/lib/thumb/v7-m/nofp/libc.a(lib_a-strtol.o)
 .text.strtol   0x000000000800d4dc       0x2c /home/nhu/Desktop/akbase/tool/gcc-arm-none-eabi-10.3-2021.10/arm-none-eabi/lib/thumb/v7-m/nofp/libc.a(lib_a-strtol.o)
                0x000000000800d4dc                strtol
 .text._svfprintf_r
                0x000000000800d508     0x1aa4 /home/nhu/Desktop/akbase/tool/gcc-arm-none-eabi-10.3-2021.10/arm-none-eabi/lib/thumb/v7-m/nofp/libc.a(lib_a-svfprintf.o)
                0x000000000800d508                _svfprintf_r
 .text.quorem   0x000000000800efac      0x12c /home/nhu/Desktop/akbase/tool/gcc-arm-none-eabi-10.3-2021.10/arm-none-eabi/lib/thumb/v7-m/nofp/libc.a(lib_a-dtoa.o)
 .text._dtoa_r  0x000000000800f0d8      0xecc /home/nhu/Desktop/akbase/tool/gcc-arm-none-eabi-10.3-2021.10/arm-none-eabi/lib/thumb/v7-m/nofp/libc.a(lib_a-dtoa.o)
                0x000000000800f0d8                _dtoa_r
 .text.__errno  0x000000000800ffa4        0xc /home/nhu/Desktop/akbase/tool/gcc-arm-none-eabi-10.3-2021.10/arm-none-eabi/lib/thumb/v7-m/nofp/libc.a(lib_a-errno.o)
                0x000000000800ffa4                __errno
 .text._malloc_trim_r
                0x000000000800ffb0       0xa0 /home/nhu/Desktop/akbase/tool/gcc-arm-none-eabi-10.3-2021.10/arm-none-eabi/lib/thumb/v7-m/nofp/libc.a(lib_a-freer.o)
                0x000000000800ffb0                _malloc_trim_r
 .text._free_r  0x0000000008010050      0x200 /home/nhu/Desktop/akbase/tool/gcc-arm-none-eabi-10.3-2021.10/arm-none-eabi/lib/thumb/v7-m/nofp/libc.a(lib_a-freer.o)
                0x0000000008010050                _free_r
 .text.__locale_mb_cur_max
                0x0000000008010250        0xc /home/nhu/Desktop/akbase/tool/gcc-arm-none-eabi-10.3-2021.10/arm-none-eabi/lib/thumb/v7-m/nofp/libc.a(lib_a-locale.o)
                0x0000000008010250                __locale_mb_cur_max
 .text._localeconv_r
                0x000000000801025c        0x8 /home/nhu/Desktop/akbase/tool/gcc-arm-none-eabi-10.3-2021.10/arm-none-eabi/lib/thumb/v7-m/nofp/libc.a(lib_a-localeconv.o)
                0x000000000801025c                _localeconv_r
 .text.__retarget_lock_init_recursive
                0x0000000008010264        0x4 /home/nhu/Desktop/akbase/tool/gcc-arm-none-eabi-10.3-2021.10/arm-none-eabi/lib/thumb/v7-m/nofp/libc.a(lib_a-lock.o)
                0x0000000008010264                __retarget_lock_init_recursive
 .text.__retarget_lock_close_recursive
                0x0000000008010268        0x4 /home/nhu/Desktop/akbase/tool/gcc-arm-none-eabi-10.3-2021.10/arm-none-eabi/lib/thumb/v7-m/nofp/libc.a(lib_a-lock.o)
                0x0000000008010268                __retarget_lock_close_recursive
 .text.__retarget_lock_acquire_recursive
                0x000000000801026c        0x4 /home/nhu/Desktop/akbase/tool/gcc-arm-none-eabi-10.3-2021.10/arm-none-eabi/lib/thumb/v7-m/nofp/libc.a(lib_a-lock.o)
                0x000000000801026c                __retarget_lock_acquire_recursive
 .text.__retarget_lock_release_recursive
                0x0000000008010270        0x4 /home/nhu/Desktop/akbase/tool/gcc-arm-none-eabi-10.3-2021.10/arm-none-eabi/lib/thumb/v7-m/nofp/libc.a(lib_a-lock.o)
                0x0000000008010270                __retarget_lock_release_recursive
 .text.__ascii_mbtowc
                0x0000000008010274       0x2c /home/nhu/Desktop/akbase/tool/gcc-arm-none-eabi-10.3-2021.10/arm-none-eabi/lib/thumb/v7-m/nofp/libc.a(lib_a-mbtowc_r.o)
                0x0000000008010274                __ascii_mbtowc
 .text.memchr   0x00000000080102a0       0x90 /home/nhu/Desktop/akbase/tool/gcc-arm-none-eabi-10.3-2021.10/arm-none-eabi/lib/thumb/v7-m/nofp/libc.a(lib_a-memchr-stub.o)
                0x00000000080102a0                memchr
 .text._Balloc  0x0000000008010330       0x4c /home/nhu/Desktop/akbase/tool/gcc-arm-none-eabi-10.3-2021.10/arm-none-eabi/lib/thumb/v7-m/nofp/libc.a(lib_a-mprec.o)
                0x0000000008010330                _Balloc
 .text._Bfree   0x000000000801037c       0x14 /home/nhu/Desktop/akbase/tool/gcc-arm-none-eabi-10.3-2021.10/arm-none-eabi/lib/thumb/v7-m/nofp/libc.a(lib_a-mprec.o)
                0x000000000801037c                _Bfree
 .text.__multadd
                0x0000000008010390       0xa4 /home/nhu/Desktop/akbase/tool/gcc-arm-none-eabi-10.3-2021.10/arm-none-eabi/lib/thumb/v7-m/nofp/libc.a(lib_a-mprec.o)
                0x0000000008010390                __multadd
 .text.__hi0bits
                0x0000000008010434       0x40 /home/nhu/Desktop/akbase/tool/gcc-arm-none-eabi-10.3-2021.10/arm-none-eabi/lib/thumb/v7-m/nofp/libc.a(lib_a-mprec.o)
                0x0000000008010434                __hi0bits
 .text.__lo0bits
                0x0000000008010474       0x58 /home/nhu/Desktop/akbase/tool/gcc-arm-none-eabi-10.3-2021.10/arm-none-eabi/lib/thumb/v7-m/nofp/libc.a(lib_a-mprec.o)
                0x0000000008010474                __lo0bits
 .text.__i2b    0x00000000080104cc       0x5c /home/nhu/Desktop/akbase/tool/gcc-arm-none-eabi-10.3-2021.10/arm-none-eabi/lib/thumb/v7-m/nofp/libc.a(lib_a-mprec.o)
                0x00000000080104cc                __i2b